Archive member included to satisfy reference by file (symbol)

c:/st/stm32cubeide_1.9.0/stm32cubeide/plugins/com.st.stm32cube.ide.mcu.externaltools.gnu-tools-for-stm32.10.3-2021.10.win32_1.0.0.202111181127/tools/bin/../lib/gcc/arm-none-eabi/10.3.1/../../../../arm-none-eabi/lib/thumb/v7e-m+fp/hard\libstdc++_nano.a(del_ops.o)
                              ./Core/Src/AppTasks.o (operator delete(void*, unsigned int))
c:/st/stm32cubeide_1.9.0/stm32cubeide/plugins/com.st.stm32cube.ide.mcu.externaltools.gnu-tools-for-stm32.10.3-2021.10.win32_1.0.0.202111181127/tools/bin/../lib/gcc/arm-none-eabi/10.3.1/../../../../arm-none-eabi/lib/thumb/v7e-m+fp/hard\libstdc++_nano.a(guard.o)
                              ./Core/Src/Images.o (__cxa_guard_acquire)
c:/st/stm32cubeide_1.9.0/stm32cubeide/plugins/com.st.stm32cube.ide.mcu.externaltools.gnu-tools-for-stm32.10.3-2021.10.win32_1.0.0.202111181127/tools/bin/../lib/gcc/arm-none-eabi/10.3.1/../../../../arm-none-eabi/lib/thumb/v7e-m+fp/hard\libstdc++_nano.a(new_op.o)
                              ./Core/Src/Sequencer.o (operator new(unsigned int))
c:/st/stm32cubeide_1.9.0/stm32cubeide/plugins/com.st.stm32cube.ide.mcu.externaltools.gnu-tools-for-stm32.10.3-2021.10.win32_1.0.0.202111181127/tools/bin/../lib/gcc/arm-none-eabi/10.3.1/../../../../arm-none-eabi/lib/thumb/v7e-m+fp/hard\libstdc++_nano.a(pure.o)
                              ./Core/Src/AppTasks.o (__cxa_pure_virtual)
c:/st/stm32cubeide_1.9.0/stm32cubeide/plugins/com.st.stm32cube.ide.mcu.externaltools.gnu-tools-for-stm32.10.3-2021.10.win32_1.0.0.202111181127/tools/bin/../lib/gcc/arm-none-eabi/10.3.1/../../../../arm-none-eabi/lib/thumb/v7e-m+fp/hard\libstdc++_nano.a(functexcept.o)
                              ./Core/Src/Sequencer.o (std::__throw_bad_alloc())
c:/st/stm32cubeide_1.9.0/stm32cubeide/plugins/com.st.stm32cube.ide.mcu.externaltools.gnu-tools-for-stm32.10.3-2021.10.win32_1.0.0.202111181127/tools/bin/../lib/gcc/arm-none-eabi/10.3.1/../../../../arm-none-eabi/lib/thumb/v7e-m+fp/hard\libstdc++_nano.a(snprintf_lite.o)
                              c:/st/stm32cubeide_1.9.0/stm32cubeide/plugins/com.st.stm32cube.ide.mcu.externaltools.gnu-tools-for-stm32.10.3-2021.10.win32_1.0.0.202111181127/tools/bin/../lib/gcc/arm-none-eabi/10.3.1/../../../../arm-none-eabi/lib/thumb/v7e-m+fp/hard\libstdc++_nano.a(functexcept.o) (__gnu_cxx::__snprintf_lite(char*, unsigned int, char const*, std::__va_list))
c:/st/stm32cubeide_1.9.0/stm32cubeide/plugins/com.st.stm32cube.ide.mcu.externaltools.gnu-tools-for-stm32.10.3-2021.10.win32_1.0.0.202111181127/tools/bin/../lib/gcc/arm-none-eabi/10.3.1/../../../../arm-none-eabi/lib/thumb/v7e-m+fp/hard\libstdc++_nano.a(del_op.o)
                              c:/st/stm32cubeide_1.9.0/stm32cubeide/plugins/com.st.stm32cube.ide.mcu.externaltools.gnu-tools-for-stm32.10.3-2021.10.win32_1.0.0.202111181127/tools/bin/../lib/gcc/arm-none-eabi/10.3.1/../../../../arm-none-eabi/lib/thumb/v7e-m+fp/hard\libstdc++_nano.a(del_ops.o) (operator delete(void*))
c:/st/stm32cubeide_1.9.0/stm32cubeide/plugins/com.st.stm32cube.ide.mcu.externaltools.gnu-tools-for-stm32.10.3-2021.10.win32_1.0.0.202111181127/tools/bin/../lib/gcc/arm-none-eabi/10.3.1/../../../../arm-none-eabi/lib/thumb/v7e-m+fp/hard\libstdc++_nano.a(eh_terminate.o)
                              c:/st/stm32cubeide_1.9.0/stm32cubeide/plugins/com.st.stm32cube.ide.mcu.externaltools.gnu-tools-for-stm32.10.3-2021.10.win32_1.0.0.202111181127/tools/bin/../lib/gcc/arm-none-eabi/10.3.1/../../../../arm-none-eabi/lib/thumb/v7e-m+fp/hard\libstdc++_nano.a(pure.o) (std::terminate())
c:/st/stm32cubeide_1.9.0/stm32cubeide/plugins/com.st.stm32cube.ide.mcu.externaltools.gnu-tools-for-stm32.10.3-2021.10.win32_1.0.0.202111181127/tools/bin/../lib/gcc/arm-none-eabi/10.3.1/../../../../arm-none-eabi/lib/thumb/v7e-m+fp/hard\libstdc++_nano.a(eh_unex_handler.o)
                              c:/st/stm32cubeide_1.9.0/stm32cubeide/plugins/com.st.stm32cube.ide.mcu.externaltools.gnu-tools-for-stm32.10.3-2021.10.win32_1.0.0.202111181127/tools/bin/../lib/gcc/arm-none-eabi/10.3.1/../../../../arm-none-eabi/lib/thumb/v7e-m+fp/hard\libstdc++_nano.a(eh_terminate.o) (__cxxabiv1::__unexpected_handler)
c:/st/stm32cubeide_1.9.0/stm32cubeide/plugins/com.st.stm32cube.ide.mcu.externaltools.gnu-tools-for-stm32.10.3-2021.10.win32_1.0.0.202111181127/tools/bin/../lib/gcc/arm-none-eabi/10.3.1/../../../../arm-none-eabi/lib/thumb/v7e-m+fp/hard\libstdc++_nano.a(new_handler.o)
                              c:/st/stm32cubeide_1.9.0/stm32cubeide/plugins/com.st.stm32cube.ide.mcu.externaltools.gnu-tools-for-stm32.10.3-2021.10.win32_1.0.0.202111181127/tools/bin/../lib/gcc/arm-none-eabi/10.3.1/../../../../arm-none-eabi/lib/thumb/v7e-m+fp/hard\libstdc++_nano.a(new_op.o) (std::get_new_handler())
[...]
Memory Configuration

Name             Origin             Length             Attributes
CCMRAM           0x0000000010000000 0x0000000000010000 xrw
RAM              0x0000000020000000 0x0000000000030000 xrw
FLASH            0x0000000008000000 0x0000000000200000 xr
*default*        0x0000000000000000 0xffffffffffffffff

Linker script and memory map

LOAD c:/st/stm32cubeide_1.9.0/stm32cubeide/plugins/com.st.stm32cube.ide.mcu.externaltools.gnu-tools-for-stm32.10.3-2021.10.win32_1.0.0.202111181127/tools/bin/../lib/gcc/arm-none-eabi/10.3.1/thumb/v7e-m+fp/hard/crti.o
LOAD c:/st/stm32cubeide_1.9.0/stm32cubeide/plugins/com.st.stm32cube.ide.mcu.externaltools.gnu-tools-for-stm32.10.3-2021.10.win32_1.0.0.202111181127/tools/bin/../lib/gcc/arm-none-eabi/10.3.1/thumb/v7e-m+fp/hard/crtbegin.o
LOAD c:/st/stm32cubeide_1.9.0/stm32cubeide/plugins/com.st.stm32cube.ide.mcu.externaltools.gnu-tools-for-stm32.10.3-2021.10.win32_1.0.0.202111181127/tools/bin/../lib/gcc/arm-none-eabi/10.3.1/../../../../arm-none-eabi/lib/thumb/v7e-m+fp/hard/crt0.o
LOAD ./Core/Src/AppTasks.o
LOAD ./Core/Src/Images.o
LOAD ./Core/Src/Sequencer.o
LOAD ./Core/Src/SequencerUI.o
LOAD ./Core/Src/UartControl.o
LOAD ./Core/Src/button.o
LOAD ./Core/Src/cpp_wrappers.o
LOAD ./Core/Src/fonts.o
LOAD ./Core/Src/gpio.o
LOAD ./Core/Src/i2c.o
LOAD ./Core/Src/led.o
LOAD ./Core/Src/main.o
LOAD ./Core/Src/pca9538.o
LOAD ./Core/Src/stm32f4xx_hal_msp.o
LOAD ./Core/Src/stm32f4xx_it.o
LOAD ./Core/Src/syscalls.o
LOAD ./Core/Src/sysmem.o
LOAD ./Core/Src/system_stm32f4xx.o
LOAD ./Core/Src/tim.o
LOAD ./Core/Src/usart.o
LOAD ./Core/Src/drivers/Buzzer.o
LOAD ./Core/Src/drivers/Display.o
LOAD ./Core/Src/drivers/Keyboard.o
LOAD ./Core/Src/drivers/Synthesizer.o
LOAD ./Core/Src/drivers/Uart.o
LOAD ./Core/Src/scheduler/Scheduler.o
LOAD ./Core/Src/scheduler/Task.o
LOAD ./Core/Startup/startup_stm32f427vitx.o
LOAD ./Drivers/STM32F4xx_HAL_Driver/Src/stm32f4xx_hal.o
LOAD ./Drivers/STM32F4xx_HAL_Driver/Src/stm32f4xx_hal_cortex.o
LOAD ./Drivers/STM32F4xx_HAL_Driver/Src/stm32f4xx_hal_dma.o
LOAD ./Drivers/STM32F4xx_HAL_Driver/Src/stm32f4xx_hal_dma_ex.o
LOAD ./Drivers/STM32F4xx_HAL_Driver/Src/stm32f4xx_hal_exti.o
LOAD ./Drivers/STM32F4xx_HAL_Driver/Src/stm32f4xx_hal_flash.o
LOAD ./Drivers/STM32F4xx_HAL_Driver/Src/stm32f4xx_hal_flash_ex.o
LOAD ./Drivers/STM32F4xx_HAL_Driver/Src/stm32f4xx_hal_flash_ramfunc.o
LOAD ./Drivers/STM32F4xx_HAL_Driver/Src/stm32f4xx_hal_gpio.o
LOAD ./Drivers/STM32F4xx_HAL_Driver/Src/stm32f4xx_hal_i2c.o
LOAD ./Drivers/STM32F4xx_HAL_Driver/Src/stm32f4xx_hal_i2c_ex.o
LOAD ./Drivers/STM32F4xx_HAL_Driver/Src/stm32f4xx_hal_pwr.o
LOAD ./Drivers/STM32F4xx_HAL_Driver/Src/stm32f4xx_hal_pwr_ex.o
LOAD ./Drivers/STM32F4xx_HAL_Driver/Src/stm32f4xx_hal_rcc.o
LOAD ./Drivers/STM32F4xx_HAL_Driver/Src/stm32f4xx_hal_rcc_ex.o
LOAD ./Drivers/STM32F4xx_HAL_Driver/Src/stm32f4xx_hal_tim.o
LOAD ./Drivers/STM32F4xx_HAL_Driver/Src/stm32f4xx_hal_tim_ex.o
LOAD ./Drivers/STM32F4xx_HAL_Driver/Src/stm32f4xx_hal_uart.o
START GROUP
LOAD c:/st/stm32cubeide_1.9.0/stm32cubeide/plugins/com.st.stm32cube.ide.mcu.externaltools.gnu-tools-for-stm32.10.3-2021.10.win32_1.0.0.202111181127/tools/bin/../lib/gcc/arm-none-eabi/10.3.1/../../../../arm-none-eabi/lib/thumb/v7e-m+fp/hard\libstdc++_nano.a
LOAD c:/st/stm32cubeide_1.9.0/stm32cubeide/plugins/com.st.stm32cube.ide.mcu.externaltools.gnu-tools-for-stm32.10.3-2021.10.win32_1.0.0.202111181127/tools/bin/../lib/gcc/arm-none-eabi/10.3.1/../../../../arm-none-eabi/lib/thumb/v7e-m+fp/hard\libsupc++_nano.a
END GROUP
LOAD c:/st/stm32cubeide_1.9.0/stm32cubeide/plugins/com.st.stm32cube.ide.mcu.externaltools.gnu-tools-for-stm32.10.3-2021.10.win32_1.0.0.202111181127/tools/bin/../lib/gcc/arm-none-eabi/10.3.1/../../../../arm-none-eabi/lib/thumb/v7e-m+fp/hard\libstdc++_nano.a
LOAD c:/st/stm32cubeide_1.9.0/stm32cubeide/plugins/com.st.stm32cube.ide.mcu.externaltools.gnu-tools-for-stm32.10.3-2021.10.win32_1.0.0.202111181127/tools/bin/../lib/gcc/arm-none-eabi/10.3.1/../../../../arm-none-eabi/lib/thumb/v7e-m+fp/hard\libm.a
LOAD c:/st/stm32cubeide_1.9.0/stm32cubeide/plugins/com.st.stm32cube.ide.mcu.externaltools.gnu-tools-for-stm32.10.3-2021.10.win32_1.0.0.202111181127/tools/bin/../lib/gcc/arm-none-eabi/10.3.1/../../../../arm-none-eabi/lib/thumb/v7e-m+fp/hard\libc_nano.a
START GROUP
LOAD c:/st/stm32cubeide_1.9.0/stm32cubeide/plugins/com.st.stm32cube.ide.mcu.externaltools.gnu-tools-for-stm32.10.3-2021.10.win32_1.0.0.202111181127/tools/bin/../lib/gcc/arm-none-eabi/10.3.1/thumb/v7e-m+fp/hard\libgcc.a
LOAD c:/st/stm32cubeide_1.9.0/stm32cubeide/plugins/com.st.stm32cube.ide.mcu.externaltools.gnu-tools-for-stm32.10.3-2021.10.win32_1.0.0.202111181127/tools/bin/../lib/gcc/arm-none-eabi/10.3.1/../../../../arm-none-eabi/lib/thumb/v7e-m+fp/hard\libc_nano.a
END GROUP
START GROUP
LOAD c:/st/stm32cubeide_1.9.0/stm32cubeide/plugins/com.st.stm32cube.ide.mcu.externaltools.gnu-tools-for-stm32.10.3-2021.10.win32_1.0.0.202111181127/tools/bin/../lib/gcc/arm-none-eabi/10.3.1/thumb/v7e-m+fp/hard\libgcc.a
LOAD c:/st/stm32cubeide_1.9.0/stm32cubeide/plugins/com.st.stm32cube.ide.mcu.externaltools.gnu-tools-for-stm32.10.3-2021.10.win32_1.0.0.202111181127/tools/bin/../lib/gcc/arm-none-eabi/10.3.1/../../../../arm-none-eabi/lib/thumb/v7e-m+fp/hard\libc_nano.a
LOAD c:/st/stm32cubeide_1.9.0/stm32cubeide/plugins/com.st.stm32cube.ide.mcu.externaltools.gnu-tools-for-stm32.10.3-2021.10.win32_1.0.0.202111181127/tools/bin/../lib/gcc/arm-none-eabi/10.3.1/../../../../arm-none-eabi/lib/thumb/v7e-m+fp/hard\libnosys.a
END GROUP
START GROUP
LOAD c:/st/stm32cubeide_1.9.0/stm32cubeide/plugins/com.st.stm32cube.ide.mcu.externaltools.gnu-tools-for-stm32.10.3-2021.10.win32_1.0.0.202111181127/tools/bin/../lib/gcc/arm-none-eabi/10.3.1/thumb/v7e-m+fp/hard\libgcc.a
LOAD c:/st/stm32cubeide_1.9.0/stm32cubeide/plugins/com.st.stm32cube.ide.mcu.externaltools.gnu-tools-for-stm32.10.3-2021.10.win32_1.0.0.202111181127/tools/bin/../lib/gcc/arm-none-eabi/10.3.1/../../../../arm-none-eabi/lib/thumb/v7e-m+fp/hard\libc_nano.a
LOAD c:/st/stm32cubeide_1.9.0/stm32cubeide/plugins/com.st.stm32cube.ide.mcu.externaltools.gnu-tools-for-stm32.10.3-2021.10.win32_1.0.0.202111181127/tools/bin/../lib/gcc/arm-none-eabi/10.3.1/../../../../arm-none-eabi/lib/thumb/v7e-m+fp/hard\libnosys.a
END GROUP
LOAD c:/st/stm32cubeide_1.9.0/stm32cubeide/plugins/com.st.stm32cube.ide.mcu.externaltools.gnu-tools-for-stm32.10.3-2021.10.win32_1.0.0.202111181127/tools/bin/../lib/gcc/arm-none-eabi/10.3.1/thumb/v7e-m+fp/hard/crtend.o
LOAD c:/st/stm32cubeide_1.9.0/stm32cubeide/plugins/com.st.stm32cube.ide.mcu.externaltools.gnu-tools-for-stm32.10.3-2021.10.win32_1.0.0.202111181127/tools/bin/../lib/gcc/arm-none-eabi/10.3.1/thumb/v7e-m+fp/hard/crtn.o
                0x0000000020030000                _estack = (ORIGIN (RAM) + LENGTH (RAM))
                0x0000000000000200                _Min_Heap_Size = 0x200
                0x0000000000000400                _Min_Stack_Size = 0x400

.isr_vector     0x0000000008000000      0x1ac
                0x0000000008000000                . = ALIGN (0x4)
 *(.isr_vector)
 .isr_vector    0x0000000008000000      0x1ac ./Core/Startup/startup_stm32f427vitx.o
                0x0000000008000000                g_pfnVectors
                0x00000000080001ac                . = ALIGN (0x4)

.text           0x00000000080001b0     0xcce0
                0x00000000080001b0                . = ALIGN (0x4)
 *(.text)
 .text          0x00000000080001b0       0x40 c:/st/stm32cubeide_1.9.0/stm32cubeide/plugins/com.st.stm32cube.ide.mcu.externaltools.gnu-tools-for-stm32.10.3-2021.10.win32_1.0.0.202111181127/tools/bin/../lib/gcc/arm-none-eabi/10.3.1/thumb/v7e-m+fp/hard/crtbegin.o
 .text          0x00000000080001f0       0xa0 c:/st/stm32cubeide_1.9.0/stm32cubeide/plugins/com.st.stm32cube.ide.mcu.externaltools.gnu-tools-for-stm32.10.3-2021.10.win32_1.0.0.202111181127/tools/bin/../lib/gcc/arm-none-eabi/10.3.1/../../../../arm-none-eabi/lib/thumb/v7e-m+fp/hard\libc_nano.a(lib_a-memchr.o)
                0x00000000080001f0                memchr
 .text          0x0000000008000290       0x30 c:/st/stm32cubeide_1.9.0/stm32cubeide/plugins/com.st.stm32cube.ide.mcu.externaltools.gnu-tools-for-stm32.10.3-2021.10.win32_1.0.0.202111181127/tools/bin/../lib/gcc/arm-none-eabi/10.3.1/thumb/v7e-m+fp/hard\libgcc.a(_aeabi_uldivmod.o)
                0x0000000008000290                __aeabi_uldivmod
 .text          0x00000000080002c0      0x2d0 c:/st/stm32cubeide_1.9.0/stm32cubeide/plugins/com.st.stm32cube.ide.mcu.externaltools.gnu-tools-for-stm32.10.3-2021.10.win32_1.0.0.202111181127/tools/bin/../lib/gcc/arm-none-eabi/10.3.1/thumb/v7e-m+fp/hard\libgcc.a(_udivmoddi4.o)
                0x00000000080002c0                __udivmoddi4
 .text          0x0000000008000590        0x4 c:/st/stm32cubeide_1.9.0/stm32cubeide/plugins/com.st.stm32cube.ide.mcu.externaltools.gnu-tools-for-stm32.10.3-2021.10.win32_1.0.0.202111181127/tools/bin/../lib/gcc/arm-none-eabi/10.3.1/thumb/v7e-m+fp/hard\libgcc.a(_dvmd_tls.o)
                0x0000000008000590                __aeabi_idiv0
                0x0000000008000590                __aeabi_ldiv0
 *(.text*)
 .text._ZN4Task6onInitEv
                0x0000000008000594       0x14 ./Core/Src/AppTasks.o
                0x0000000008000594                Task::onInit()
 .text._ZN4Task9onSuspendEv
                0x00000000080005a8       0x14 ./Core/Src/AppTasks.o
                0x00000000080005a8                Task::onSuspend()
 .text._ZNK11UartControl9isEnabledEv
                0x00000000080005bc       0x22 ./Core/Src/AppTasks.o
                0x00000000080005bc                UartControl::isEnabled() const
 .text._ZNK9Sequencer9isPlayingEv
                0x00000000080005de       0x1a ./Core/Src/AppTasks.o
                0x00000000080005de                Sequencer::isPlaying() const
 .text._ZNK9Sequencer6getBPMEv
                0x00000000080005f8       0x1a ./Core/Src/AppTasks.o
                0x00000000080005f8                Sequencer::getBPM() const
 .text._ZNK9Sequencer9getVolumeEv
                0x0000000008000612       0x1a ./Core/Src/AppTasks.o
                0x0000000008000612                Sequencer::getVolume() const
 .text._ZNK10MenuSystem14getCurrentModeEv
                0x000000000800062c       0x18 ./Core/Src/AppTasks.o
                0x000000000800062c                MenuSystem::getCurrentMode() const
 .text._ZN10MenuSystem12getEditStateEv
                0x0000000008000644       0x18 ./Core/Src/AppTasks.o
                0x0000000008000644                MenuSystem::getEditState()
 .text._ZN4TaskD2Ev
                0x000000000800065c       0x20 ./Core/Src/AppTasks.o
                0x000000000800065c                Task::~Task()
                0x000000000800065c                Task::~Task()
 .text._ZN4TaskD0Ev
                0x000000000800067c       0x20 ./Core/Src/AppTasks.o
                0x000000000800067c                Task::~Task()
 .text._ZN12KeyboardTaskC2Ev
                0x000000000800069c       0x3c ./Core/Src/AppTasks.o
                0x000000000800069c                KeyboardTask::KeyboardTask()
                0x000000000800069c                KeyboardTask::KeyboardTask()
 .text._ZN12KeyboardTask6onInitEv
                0x00000000080006d8       0x2c ./Core/Src/AppTasks.o
                0x00000000080006d8                KeyboardTask::onInit()
 .text._ZN12KeyboardTask6updateEv
                0x0000000008000704       0x4c ./Core/Src/AppTasks.o
                0x0000000008000704                KeyboardTask::update()
 .text._ZN12KeyboardTask10onKeyEventEh8KeyEvent
                0x0000000008000750       0xc4 ./Core/Src/AppTasks.o
                0x0000000008000750                KeyboardTask::onKeyEvent(unsigned char, KeyEvent)
 .text._ZN12KeyboardTask16keyEventCallbackEh8KeyEvent
                0x0000000008000814       0x30 ./Core/Src/AppTasks.o
                0x0000000008000814                KeyboardTask::keyEventCallback(unsigned char, KeyEvent)
 .text._ZN11DisplayTaskC2Ev
                0x0000000008000844       0x38 ./Core/Src/AppTasks.o
                0x0000000008000844                DisplayTask::DisplayTask()
                0x0000000008000844                DisplayTask::DisplayTask()
 .text._ZN11DisplayTask6onInitEv
                0x000000000800087c       0xa8 ./Core/Src/AppTasks.o
                0x000000000800087c                DisplayTask::onInit()
 .text._ZN11DisplayTask6updateEv
                0x0000000008000924       0x2e ./Core/Src/AppTasks.o
                0x0000000008000924                DisplayTask::update()
 *fill*         0x0000000008000952        0x2 
 .text._ZN11DisplayTask13updateDisplayEv
                0x0000000008000954       0x78 ./Core/Src/AppTasks.o
                0x0000000008000954                DisplayTask::updateDisplay()
 .text._ZN8UartTaskC2Ev
                0x00000000080009cc       0x30 ./Core/Src/AppTasks.o
                0x00000000080009cc                UartTask::UartTask()
                0x00000000080009cc                UartTask::UartTask()
 .text._ZN8UartTask6onInitEv
                0x00000000080009fc       0x4c ./Core/Src/AppTasks.o
                0x00000000080009fc                UartTask::onInit()
 .text._ZN8UartTask6updateEv
                0x0000000008000a48       0x16 ./Core/Src/AppTasks.o
                0x0000000008000a48                UartTask::update()
 *fill*         0x0000000008000a5e        0x2 
 .text._ZN8UartTask19processReceivedDataEv
                0x0000000008000a60      0x308 ./Core/Src/AppTasks.o
                0x0000000008000a60                UartTask::processReceivedData()
 .text._ZN10BuzzerTaskC2Ev
                0x0000000008000d68       0x30 ./Core/Src/AppTasks.o
                0x0000000008000d68                BuzzerTask::BuzzerTask()
                0x0000000008000d68                BuzzerTask::BuzzerTask()
 .text._ZN10BuzzerTask6onInitEv
                0x0000000008000d98       0x1a ./Core/Src/AppTasks.o
                0x0000000008000d98                BuzzerTask::onInit()
 .text._ZN10BuzzerTask6updateEv
                0x0000000008000db2       0x1a ./Core/Src/AppTasks.o
                0x0000000008000db2                BuzzerTask::update()
 .text._ZN15SynthesizerTaskC2Ev
                0x0000000008000dcc       0x30 ./Core/Src/AppTasks.o
                0x0000000008000dcc                SynthesizerTask::SynthesizerTask()
                0x0000000008000dcc                SynthesizerTask::SynthesizerTask()
 .text._ZN15SynthesizerTask6onInitEv
                0x0000000008000dfc       0x1a ./Core/Src/AppTasks.o
                0x0000000008000dfc                SynthesizerTask::onInit()
 .text._ZN15SynthesizerTask6updateEv
                0x0000000008000e16       0x1a ./Core/Src/AppTasks.o
                0x0000000008000e16                SynthesizerTask::update()
 .text._ZN9PianoTaskC2Ev
                0x0000000008000e30       0x30 ./Core/Src/AppTasks.o
                0x0000000008000e30                PianoTask::PianoTask()
                0x0000000008000e30                PianoTask::PianoTask()
 .text._ZN9PianoTask6onInitEv
                0x0000000008000e60       0x1a ./Core/Src/AppTasks.o
                0x0000000008000e60                PianoTask::onInit()
 .text._ZN9PianoTask6updateEv
                0x0000000008000e7a       0x14 ./Core/Src/AppTasks.o
                0x0000000008000e7a                PianoTask::update()
 *fill*         0x0000000008000e8e        0x2 
 .text._ZN13SequencerTaskC2Ev
                0x0000000008000e90       0x44 ./Core/Src/AppTasks.o
                0x0000000008000e90                SequencerTask::SequencerTask()
                0x0000000008000e90                SequencerTask::SequencerTask()
 .text._ZN13SequencerTask6onInitEv
                0x0000000008000ed4       0x40 ./Core/Src/AppTasks.o
                0x0000000008000ed4                SequencerTask::onInit()
 .text._ZN13SequencerTask6updateEv
                0x0000000008000f14       0x4c ./Core/Src/AppTasks.o
                0x0000000008000f14                SequencerTask::update()
 .text._ZN15UartControlTaskC2Ev
                0x0000000008000f60       0x30 ./Core/Src/AppTasks.o
                0x0000000008000f60                UartControlTask::UartControlTask()
                0x0000000008000f60                UartControlTask::UartControlTask()
 .text._ZN15UartControlTask6onInitEv
                0x0000000008000f90       0x1a ./Core/Src/AppTasks.o
                0x0000000008000f90                UartControlTask::onInit()
 .text._ZN15UartControlTask6updateEv
                0x0000000008000faa       0x1a ./Core/Src/AppTasks.o
                0x0000000008000faa                UartControlTask::update()
 .text._ZN9DebugTaskC2Ev
                0x0000000008000fc4       0x2c ./Core/Src/AppTasks.o
                0x0000000008000fc4                DebugTask::DebugTask()
                0x0000000008000fc4                DebugTask::DebugTask()
 .text._ZN9DebugTask6onInitEv
                0x0000000008000ff0       0x30 ./Core/Src/AppTasks.o
                0x0000000008000ff0                DebugTask::onInit()
 .text._ZN9DebugTask6updateEv
                0x0000000008001020       0x14 ./Core/Src/AppTasks.o
                0x0000000008001020                DebugTask::update()
 .text._ZN9DebugTaskD2Ev
                0x0000000008001034       0x24 ./Core/Src/AppTasks.o
                0x0000000008001034                DebugTask::~DebugTask()
                0x0000000008001034                DebugTask::~DebugTask()
 .text._ZN9DebugTaskD0Ev
                0x0000000008001058       0x20 ./Core/Src/AppTasks.o
                0x0000000008001058                DebugTask::~DebugTask()
 .text._ZN15UartControlTaskD2Ev
                0x0000000008001078       0x24 ./Core/Src/AppTasks.o
                0x0000000008001078                UartControlTask::~UartControlTask()
                0x0000000008001078                UartControlTask::~UartControlTask()
 .text._ZN15UartControlTaskD0Ev
                0x000000000800109c       0x20 ./Core/Src/AppTasks.o
                0x000000000800109c                UartControlTask::~UartControlTask()
 .text._ZN13SequencerTaskD2Ev
                0x00000000080010bc       0x24 ./Core/Src/AppTasks.o
                0x00000000080010bc                SequencerTask::~SequencerTask()
                0x00000000080010bc                SequencerTask::~SequencerTask()
 .text._ZN13SequencerTaskD0Ev
                0x00000000080010e0       0x20 ./Core/Src/AppTasks.o
                0x00000000080010e0                SequencerTask::~SequencerTask()
 .text._ZN9PianoTaskD2Ev
                0x0000000008001100       0x24 ./Core/Src/AppTasks.o
                0x0000000008001100                PianoTask::~PianoTask()
                0x0000000008001100                PianoTask::~PianoTask()
 .text._ZN9PianoTaskD0Ev
                0x0000000008001124       0x20 ./Core/Src/AppTasks.o
                0x0000000008001124                PianoTask::~PianoTask()
 .text._ZN15SynthesizerTaskD2Ev
                0x0000000008001144       0x24 ./Core/Src/AppTasks.o
                0x0000000008001144                SynthesizerTask::~SynthesizerTask()
                0x0000000008001144                SynthesizerTask::~SynthesizerTask()
 .text._ZN15SynthesizerTaskD0Ev
                0x0000000008001168       0x20 ./Core/Src/AppTasks.o
                0x0000000008001168                SynthesizerTask::~SynthesizerTask()
 .text._ZN10BuzzerTaskD2Ev
                0x0000000008001188       0x24 ./Core/Src/AppTasks.o
                0x0000000008001188                BuzzerTask::~BuzzerTask()
                0x0000000008001188                BuzzerTask::~BuzzerTask()
 .text._ZN10BuzzerTaskD0Ev
                0x00000000080011ac       0x20 ./Core/Src/AppTasks.o
                0x00000000080011ac                BuzzerTask::~BuzzerTask()
 .text._ZN8UartTaskD2Ev
                0x00000000080011cc       0x24 ./Core/Src/AppTasks.o
                0x00000000080011cc                UartTask::~UartTask()
                0x00000000080011cc                UartTask::~UartTask()
 .text._ZN8UartTaskD0Ev
                0x00000000080011f0       0x20 ./Core/Src/AppTasks.o
                0x00000000080011f0                UartTask::~UartTask()
 .text._ZN11DisplayTaskD2Ev
                0x0000000008001210       0x24 ./Core/Src/AppTasks.o
                0x0000000008001210                DisplayTask::~DisplayTask()
                0x0000000008001210                DisplayTask::~DisplayTask()
 .text._ZN11DisplayTaskD0Ev
                0x0000000008001234       0x20 ./Core/Src/AppTasks.o
                0x0000000008001234                DisplayTask::~DisplayTask()
 .text._ZN12KeyboardTaskD2Ev
                0x0000000008001254       0x24 ./Core/Src/AppTasks.o
                0x0000000008001254                KeyboardTask::~KeyboardTask()
                0x0000000008001254                KeyboardTask::~KeyboardTask()
 .text._ZN12KeyboardTaskD0Ev
                0x0000000008001278       0x20 ./Core/Src/AppTasks.o
                0x0000000008001278                KeyboardTask::~KeyboardTask()
 .text._ZN6ImagesC2Ev
                0x0000000008001298       0x1c ./Core/Src/Images.o
                0x0000000008001298                Images::Images()
                0x0000000008001298                Images::Images()
 .text._ZN6Images11getInstanceEv
                0x00000000080012b4       0x50 ./Core/Src/Images.o
                0x00000000080012b4                Images::getInstance()
 .text._ZN6Images4initEv
                0x0000000008001304       0x16 ./Core/Src/Images.o
                0x0000000008001304                Images::init()
 .text._ZnwjPv  0x000000000800131a       0x18 ./Core/Src/Sequencer.o
                0x000000000800131a                operator new(unsigned int, void*)
 .text._ZN4BeatC2Ev
                0x0000000008001332       0x28 ./Core/Src/Sequencer.o
                0x0000000008001332                Beat::Beat()
                0x0000000008001332                Beat::Beat()
 .text._ZN5BlockC2Ev
                0x000000000800135a       0x5e ./Core/Src/Sequencer.o
                0x000000000800135a                Block::Block()
                0x000000000800135a                Block::Block()
 .text._ZNSt12_Vector_baseI5BlockSaIS0_EE12_Vector_implD2Ev
                0x00000000080013b8       0x18 ./Core/Src/Sequencer.o
                0x00000000080013b8                std::_Vector_base<Block, std::allocator<Block> >::_Vector_impl::~_Vector_impl()
                0x00000000080013b8                std::_Vector_base<Block, std::allocator<Block> >::_Vector_impl::~_Vector_impl()
 .text._ZNSt12_Vector_baseI5BlockSaIS0_EEC2Ev
                0x00000000080013d0       0x1a ./Core/Src/Sequencer.o
                0x00000000080013d0                std::_Vector_base<Block, std::allocator<Block> >::_Vector_base()
                0x00000000080013d0                std::_Vector_base<Block, std::allocator<Block> >::_Vector_base()
 .text._ZNSt6vectorI5BlockSaIS0_EEC2Ev
                0x00000000080013ea       0x1a ./Core/Src/Sequencer.o
                0x00000000080013ea                std::vector<Block, std::allocator<Block> >::vector()
                0x00000000080013ea                std::vector<Block, std::allocator<Block> >::vector()
 .text._ZN5TrackC2Ev
                0x0000000008001404       0x2e ./Core/Src/Sequencer.o
                0x0000000008001404                Track::Track()
                0x0000000008001404                Track::Track()
 .text._ZN5Track8addBlockEv
                0x0000000008001432       0x2c ./Core/Src/Sequencer.o
                0x0000000008001432                Track::addBlock()
 .text._ZN5Track15getCurrentBlockEv
                0x000000000800145e       0x5e ./Core/Src/Sequencer.o
                0x000000000800145e                Track::getCurrentBlock()
 .text._ZN5Track9nextBlockEv
                0x00000000080014bc       0x46 ./Core/Src/Sequencer.o
                0x00000000080014bc                Track::nextBlock()
 .text._ZN5Track5resetEv
                0x0000000008001502       0x1a ./Core/Src/Sequencer.o
                0x0000000008001502                Track::reset()
 .text._ZN5TrackD2Ev
                0x000000000800151c       0x1c ./Core/Src/Sequencer.o
                0x000000000800151c                Track::~Track()
                0x000000000800151c                Track::~Track()
 .text._ZN7ProjectC2Ev
                0x0000000008001538       0xe2 ./Core/Src/Sequencer.o
                0x0000000008001538                Project::Project()
                0x0000000008001538                Project::Project()
 .text._ZNK7Project15getBeatDurationEv
                0x000000000800161a       0x24 ./Core/Src/Sequencer.o
                0x000000000800161a                Project::getBeatDuration() const
 .text._ZN7ProjectD2Ev
                0x000000000800163e       0x2e ./Core/Src/Sequencer.o
                0x000000000800163e                Project::~Project()
                0x000000000800163e                Project::~Project()
 .text._ZN9SequencerC2Ev
                0x000000000800166c       0x1a ./Core/Src/Sequencer.o
                0x000000000800166c                Sequencer::Sequencer()
                0x000000000800166c                Sequencer::Sequencer()
 .text._ZN9SequencerD2Ev
                0x0000000008001686       0x1a ./Core/Src/Sequencer.o
                0x0000000008001686                Sequencer::~Sequencer()
                0x0000000008001686                Sequencer::~Sequencer()
 .text.__tcf_0  0x00000000080016a0       0x10 ./Core/Src/Sequencer.o
 .text._ZN9Sequencer11getInstanceEv
                0x00000000080016b0       0x5c ./Core/Src/Sequencer.o
                0x00000000080016b0                Sequencer::getInstance()
 .text._ZN5TrackaSEOS_
                0x000000000800170c       0x3e ./Core/Src/Sequencer.o
                0x000000000800170c                Track::operator=(Track&&)
 .text._ZN7ProjectaSEOS_
                0x000000000800174a       0x6c ./Core/Src/Sequencer.o
                0x000000000800174a                Project::operator=(Project&&)
 *fill*         0x00000000080017b6        0x2 
 .text._ZN9Sequencer4initEv
                0x00000000080017b8       0xa0 ./Core/Src/Sequencer.o
                0x00000000080017b8                Sequencer::init()
 .text._ZN9Sequencer4playEv
                0x0000000008001858       0x52 ./Core/Src/Sequencer.o
                0x0000000008001858                Sequencer::play()
 .text._ZN9Sequencer4stopEv
                0x00000000080018aa       0x52 ./Core/Src/Sequencer.o
                0x00000000080018aa                Sequencer::stop()
 .text.__tcf_1  0x00000000080018fc       0x10 ./Core/Src/Sequencer.o
 .text._ZN9Sequencer8getTrackEh
                0x000000000800190c       0x7c ./Core/Src/Sequencer.o
                0x000000000800190c                Sequencer::getTrack(unsigned char)
 .text._ZN9Sequencer6updateEv
                0x0000000008001988      0x12c ./Core/Src/Sequencer.o
                0x0000000008001988                Sequencer::update()
 .text._ZN9Sequencer8playBeatEv
                0x0000000008001ab4       0xec ./Core/Src/Sequencer.o
                0x0000000008001ab4                Sequencer::playBeat()
 .text._ZN9Sequencer16processDrumTrackEhRK4Beat
                0x0000000008001ba0       0x80 ./Core/Src/Sequencer.o
                0x0000000008001ba0                Sequencer::processDrumTrack(unsigned char, Beat const&)
 .text._ZN9Sequencer17processPianoTrackEhRK4Beat
                0x0000000008001c20       0xac ./Core/Src/Sequencer.o
                0x0000000008001c20                Sequencer::processPianoTrack(unsigned char, Beat const&)
 .text._ZNK9Sequencer11getMidiNoteEhb
                0x0000000008001ccc       0x54 ./Core/Src/Sequencer.o
                0x0000000008001ccc                Sequencer::getMidiNote(unsigned char, bool) const
 .text._ZNSt12_Vector_baseI5BlockSaIS0_EE12_Vector_implC2Ev
                0x0000000008001d20       0x20 ./Core/Src/Sequencer.o
                0x0000000008001d20                std::_Vector_base<Block, std::allocator<Block> >::_Vector_impl::_Vector_impl()
                0x0000000008001d20                std::_Vector_base<Block, std::allocator<Block> >::_Vector_impl::_Vector_impl()
 .text._ZNSaI5BlockED2Ev
                0x0000000008001d40       0x18 ./Core/Src/Sequencer.o
                0x0000000008001d40                std::allocator<Block>::~allocator()
                0x0000000008001d40                std::allocator<Block>::~allocator()
 .text._ZNSt12_Vector_baseI5BlockSaIS0_EED2Ev
                0x0000000008001d58       0x3c ./Core/Src/Sequencer.o
                0x0000000008001d58                std::_Vector_base<Block, std::allocator<Block> >::~_Vector_base()
                0x0000000008001d58                std::_Vector_base<Block, std::allocator<Block> >::~_Vector_base()
 .text._ZNSt6vectorI5BlockSaIS0_EED2Ev
                0x0000000008001d94       0x36 ./Core/Src/Sequencer.o
                0x0000000008001d94                std::vector<Block, std::allocator<Block> >::~vector()
                0x0000000008001d94                std::vector<Block, std::allocator<Block> >::~vector()
 .text._ZNSt6vectorI5BlockSaIS0_EE9push_backEOS0_
                0x0000000008001dca       0x22 ./Core/Src/Sequencer.o
                0x0000000008001dca                std::vector<Block, std::allocator<Block> >::push_back(Block&&)
 .text._ZNKSt6vectorI5BlockSaIS0_EE5emptyEv
                0x0000000008001dec       0x36 ./Core/Src/Sequencer.o
                0x0000000008001dec                std::vector<Block, std::allocator<Block> >::empty() const
 *fill*         0x0000000008001e22        0x2 
 .text._ZNKSt6vectorI5BlockSaIS0_EE4sizeEv
                0x0000000008001e24       0x2c ./Core/Src/Sequencer.o
                0x0000000008001e24                std::vector<Block, std::allocator<Block> >::size() const
 .text._ZNSt6vectorI5BlockSaIS0_EEixEj
                0x0000000008001e50       0x26 ./Core/Src/Sequencer.o
                0x0000000008001e50                std::vector<Block, std::allocator<Block> >::operator[](unsigned int)
 .text._ZNSt6vectorI5BlockSaIS0_EEaSEOS2_
                0x0000000008001e76       0x2a ./Core/Src/Sequencer.o
                0x0000000008001e76                std::vector<Block, std::allocator<Block> >::operator=(std::vector<Block, std::allocator<Block> >&&)
 .text._ZNSaI5BlockEC2Ev
                0x0000000008001ea0       0x18 ./Core/Src/Sequencer.o
                0x0000000008001ea0                std::allocator<Block>::allocator()
                0x0000000008001ea0                std::allocator<Block>::allocator()
 .text._ZNSt12_Vector_baseI5BlockSaIS0_EE17_Vector_impl_dataC2Ev
                0x0000000008001eb8       0x28 ./Core/Src/Sequencer.o
                0x0000000008001eb8                std::_Vector_base<Block, std::allocator<Block> >::_Vector_impl_data::_Vector_impl_data()
                0x0000000008001eb8                std::_Vector_base<Block, std::allocator<Block> >::_Vector_impl_data::_Vector_impl_data()
 .text._ZN9__gnu_cxx13new_allocatorI5BlockED2Ev
                0x0000000008001ee0       0x16 ./Core/Src/Sequencer.o
                0x0000000008001ee0                __gnu_cxx::new_allocator<Block>::~new_allocator()
                0x0000000008001ee0                __gnu_cxx::new_allocator<Block>::~new_allocator()
 .text._ZNSt12_Vector_baseI5BlockSaIS0_EE13_M_deallocateEPS0_j
                0x0000000008001ef6       0x26 ./Core/Src/Sequencer.o
                0x0000000008001ef6                std::_Vector_base<Block, std::allocator<Block> >::_M_deallocate(Block*, unsigned int)
 .text._ZNSt12_Vector_baseI5BlockSaIS0_EE19_M_get_Tp_allocatorEv
                0x0000000008001f1c       0x16 ./Core/Src/Sequencer.o
                0x0000000008001f1c                std::_Vector_base<Block, std::allocator<Block> >::_M_get_Tp_allocator()
 .text._ZSt8_DestroyIP5BlockS0_EvT_S2_RSaIT0_E
                0x0000000008001f32       0x1c ./Core/Src/Sequencer.o
                0x0000000008001f32                void std::_Destroy<Block*, Block>(Block*, Block*, std::allocator<Block>&)
 .text._ZSt4moveIR5BlockEONSt16remove_referenceIT_E4typeEOS3_
                0x0000000008001f4e       0x16 ./Core/Src/Sequencer.o
                0x0000000008001f4e                std::remove_reference<Block&>::type&& std::move<Block&>(Block&)
 .text._ZNSt6vectorI5BlockSaIS0_EE12emplace_backIJS0_EEEvDpOT_
                0x0000000008001f64       0x5e ./Core/Src/Sequencer.o
                0x0000000008001f64                void std::vector<Block, std::allocator<Block> >::emplace_back<Block>(Block&&)
 .text._ZNKSt6vectorI5BlockSaIS0_EE5beginEv
                0x0000000008001fc2       0x20 ./Core/Src/Sequencer.o
                0x0000000008001fc2                std::vector<Block, std::allocator<Block> >::begin() const
 .text._ZNKSt6vectorI5BlockSaIS0_EE3endEv
                0x0000000008001fe2       0x22 ./Core/Src/Sequencer.o
                0x0000000008001fe2                std::vector<Block, std::allocator<Block> >::end() const
 .text._ZN9__gnu_cxxeqIPK5BlockSt6vectorIS1_SaIS1_EEEEbRKNS_17__normal_iteratorIT_T0_EESC_
                0x0000000008002004       0x30 ./Core/Src/Sequencer.o
                0x0000000008002004                bool __gnu_cxx::operator==<Block const*, std::vector<Block, std::allocator<Block> > >(__gnu_cxx::__normal_iterator<Block const*, std::vector<Block, std::allocator<Block> > > const&, __gnu_cxx::__normal_iterator<Block const*, std::vector<Block, std::allocator<Block> > > const&)
 .text._ZSt4moveIRSt6vectorI5BlockSaIS1_EEEONSt16remove_referenceIT_E4typeEOS6_
                0x0000000008002034       0x16 ./Core/Src/Sequencer.o
                0x0000000008002034                std::remove_reference<std::vector<Block, std::allocator<Block> >&>::type&& std::move<std::vector<Block, std::allocator<Block> >&>(std::vector<Block, std::allocator<Block> >&)
 .text._ZNSt6vectorI5BlockSaIS0_EE14_M_move_assignEOS2_St17integral_constantIbLb1EE
                0x000000000800204a       0x7c ./Core/Src/Sequencer.o
                0x000000000800204a                std::vector<Block, std::allocator<Block> >::_M_move_assign(std::vector<Block, std::allocator<Block> >&&, std::integral_constant<bool, true>)
 .text._ZN9__gnu_cxx13new_allocatorI5BlockEC2Ev
                0x00000000080020c6       0x16 ./Core/Src/Sequencer.o
                0x00000000080020c6                __gnu_cxx::new_allocator<Block>::new_allocator()
                0x00000000080020c6                __gnu_cxx::new_allocator<Block>::new_allocator()
 .text._ZNSt16allocator_traitsISaI5BlockEE10deallocateERS1_PS0_j
                0x00000000080020dc       0x1e ./Core/Src/Sequencer.o
                0x00000000080020dc                std::allocator_traits<std::allocator<Block> >::deallocate(std::allocator<Block>&, Block*, unsigned int)
 .text._ZSt8_DestroyIP5BlockEvT_S2_
                0x00000000080020fa       0x1a ./Core/Src/Sequencer.o
                0x00000000080020fa                void std::_Destroy<Block*>(Block*, Block*)
 .text._ZSt7forwardI5BlockEOT_RNSt16remove_referenceIS1_E4typeE
                0x0000000008002114       0x16 ./Core/Src/Sequencer.o
                0x0000000008002114                Block&& std::forward<Block>(std::remove_reference<Block>::type&)
 .text._ZNSt16allocator_traitsISaI5BlockEE9constructIS0_JS0_EEEvRS1_PT_DpOT0_
                0x000000000800212a       0x26 ./Core/Src/Sequencer.o
                0x000000000800212a                void std::allocator_traits<std::allocator<Block> >::construct<Block, Block>(std::allocator<Block>&, Block*, Block&&)
 .text._ZNSt6vectorI5BlockSaIS0_EE3endEv
                0x0000000008002150       0x22 ./Core/Src/Sequencer.o
                0x0000000008002150                std::vector<Block, std::allocator<Block> >::end()
 .text._ZNSt6vectorI5BlockSaIS0_EE15_S_use_relocateEv
                0x0000000008002172       0x16 ./Core/Src/Sequencer.o
                0x0000000008002172                std::vector<Block, std::allocator<Block> >::_S_use_relocate()
 .text._ZNSt6vectorI5BlockSaIS0_EE19_S_nothrow_relocateESt17integral_constantIbLb1EE
                0x0000000008002188       0x16 ./Core/Src/Sequencer.o
                0x0000000008002188                std::vector<Block, std::allocator<Block> >::_S_nothrow_relocate(std::integral_constant<bool, true>)
 *fill*         0x000000000800219e        0x2 
 .text._ZNSt6vectorI5BlockSaIS0_EE17_M_realloc_insertIJS0_EEEvN9__gnu_cxx17__normal_iteratorIPS0_S2_EEDpOT_
                0x00000000080021a0      0x190 ./Core/Src/Sequencer.o
                0x00000000080021a0                void std::vector<Block, std::allocator<Block> >::_M_realloc_insert<Block>(__gnu_cxx::__normal_iterator<Block*, std::vector<Block, std::allocator<Block> > >, Block&&)
 .text._ZN9__gnu_cxx17__normal_iteratorIPK5BlockSt6vectorIS1_SaIS1_EEEC2ERKS3_
                0x0000000008002330       0x20 ./Core/Src/Sequencer.o
                0x0000000008002330                __gnu_cxx::__normal_iterator<Block const*, std::vector<Block, std::allocator<Block> > >::__normal_iterator(Block const* const&)
                0x0000000008002330                __gnu_cxx::__normal_iterator<Block const*, std::vector<Block, std::allocator<Block> > >::__normal_iterator(Block const* const&)
 .text._ZNK9__gnu_cxx17__normal_iteratorIPK5BlockSt6vectorIS1_SaIS1_EEE4baseEv
                0x0000000008002350       0x16 ./Core/Src/Sequencer.o
                0x0000000008002350                __gnu_cxx::__normal_iterator<Block const*, std::vector<Block, std::allocator<Block> > >::base() const
 .text._ZNKSt12_Vector_baseI5BlockSaIS0_EE13get_allocatorEv
                0x0000000008002366       0x22 ./Core/Src/Sequencer.o
                0x0000000008002366                std::_Vector_base<Block, std::allocator<Block> >::get_allocator() const
 .text._ZNSt6vectorI5BlockSaIS0_EEC2ERKS1_
                0x0000000008002388       0x1e ./Core/Src/Sequencer.o
                0x0000000008002388                std::vector<Block, std::allocator<Block> >::vector(std::allocator<Block> const&)
                0x0000000008002388                std::vector<Block, std::allocator<Block> >::vector(std::allocator<Block> const&)
 .text._ZNSt12_Vector_baseI5BlockSaIS0_EE17_Vector_impl_data12_M_swap_dataERS3_
                0x00000000080023a6       0x3c ./Core/Src/Sequencer.o
                0x00000000080023a6                std::_Vector_base<Block, std::allocator<Block> >::_Vector_impl_data::_M_swap_data(std::_Vector_base<Block, std::allocator<Block> >::_Vector_impl_data&)
 .text._ZSt15__alloc_on_moveISaI5BlockEEvRT_S3_
                0x00000000080023e2       0x1c ./Core/Src/Sequencer.o
                0x00000000080023e2                void std::__alloc_on_move<std::allocator<Block> >(std::allocator<Block>&, std::allocator<Block>&)
 .text._ZN9__gnu_cxx13new_allocatorI5BlockE10deallocateEPS1_j
                0x00000000080023fe       0x26 ./Core/Src/Sequencer.o
                0x00000000080023fe                __gnu_cxx::new_allocator<Block>::deallocate(Block*, unsigned int)
 .text._ZNSt12_Destroy_auxILb1EE9__destroyIP5BlockEEvT_S4_
                0x0000000008002424       0x16 ./Core/Src/Sequencer.o
                0x0000000008002424                void std::_Destroy_aux<true>::__destroy<Block*>(Block*, Block*)
 .text._ZN9__gnu_cxx13new_allocatorI5BlockE9constructIS1_JS1_EEEvPT_DpOT0_
                0x000000000800243a       0x36 ./Core/Src/Sequencer.o
                0x000000000800243a                void __gnu_cxx::new_allocator<Block>::construct<Block, Block>(Block*, Block&&)
 .text._ZN9__gnu_cxx17__normal_iteratorIP5BlockSt6vectorIS1_SaIS1_EEEC2ERKS2_
                0x0000000008002470       0x20 ./Core/Src/Sequencer.o
                0x0000000008002470                __gnu_cxx::__normal_iterator<Block*, std::vector<Block, std::allocator<Block> > >::__normal_iterator(Block* const&)
                0x0000000008002470                __gnu_cxx::__normal_iterator<Block*, std::vector<Block, std::allocator<Block> > >::__normal_iterator(Block* const&)
 .text._ZNKSt6vectorI5BlockSaIS0_EE12_M_check_lenEjPKc
                0x0000000008002490       0x8e ./Core/Src/Sequencer.o
                0x0000000008002490                std::vector<Block, std::allocator<Block> >::_M_check_len(unsigned int, char const*) const
 .text._ZNSt6vectorI5BlockSaIS0_EE5beginEv
                0x000000000800251e       0x20 ./Core/Src/Sequencer.o
                0x000000000800251e                std::vector<Block, std::allocator<Block> >::begin()
 *fill*         0x000000000800253e        0x2 
 .text._ZN9__gnu_cxxmiIP5BlockSt6vectorIS1_SaIS1_EEEENS_17__normal_iteratorIT_T0_E15difference_typeERKS9_SC_
                0x0000000008002540       0x34 ./Core/Src/Sequencer.o
                0x0000000008002540                __gnu_cxx::__normal_iterator<Block*, std::vector<Block, std::allocator<Block> > >::difference_type __gnu_cxx::operator-<Block*, std::vector<Block, std::allocator<Block> > >(__gnu_cxx::__normal_iterator<Block*, std::vector<Block, std::allocator<Block> > > const&, __gnu_cxx::__normal_iterator<Block*, std::vector<Block, std::allocator<Block> > > const&)
 .text._ZNSt12_Vector_baseI5BlockSaIS0_EE11_M_allocateEj
                0x0000000008002574       0x28 ./Core/Src/Sequencer.o
                0x0000000008002574                std::_Vector_base<Block, std::allocator<Block> >::_M_allocate(unsigned int)
 .text._ZNSt6vectorI5BlockSaIS0_EE11_S_relocateEPS0_S3_S3_RS1_
                0x000000000800259c       0x28 ./Core/Src/Sequencer.o
                0x000000000800259c                std::vector<Block, std::allocator<Block> >::_S_relocate(Block*, Block*, Block*, std::allocator<Block>&)
 .text._ZNK9__gnu_cxx17__normal_iteratorIP5BlockSt6vectorIS1_SaIS1_EEE4baseEv
                0x00000000080025c4       0x16 ./Core/Src/Sequencer.o
                0x00000000080025c4                __gnu_cxx::__normal_iterator<Block*, std::vector<Block, std::allocator<Block> > >::base() const
 .text._ZSt34__uninitialized_move_if_noexcept_aIP5BlockS1_SaIS0_EET0_T_S4_S3_RT1_
                0x00000000080025da       0x32 ./Core/Src/Sequencer.o
                0x00000000080025da                Block* std::__uninitialized_move_if_noexcept_a<Block*, Block*, std::allocator<Block> >(Block*, Block*, Block*, std::allocator<Block>&)
 .text._ZNSt16allocator_traitsISaI5BlockEE7destroyIS0_EEvRS1_PT_
                0x000000000800260c       0x1a ./Core/Src/Sequencer.o
                0x000000000800260c                void std::allocator_traits<std::allocator<Block> >::destroy<Block>(std::allocator<Block>&, Block*)
 .text._ZNKSt12_Vector_baseI5BlockSaIS0_EE19_M_get_Tp_allocatorEv
                0x0000000008002626       0x16 ./Core/Src/Sequencer.o
                0x0000000008002626                std::_Vector_base<Block, std::allocator<Block> >::_M_get_Tp_allocator() const
 .text._ZNSaI5BlockEC2ERKS0_
                0x000000000800263c       0x1c ./Core/Src/Sequencer.o
                0x000000000800263c                std::allocator<Block>::allocator(std::allocator<Block> const&)
                0x000000000800263c                std::allocator<Block>::allocator(std::allocator<Block> const&)
 .text._ZNSt12_Vector_baseI5BlockSaIS0_EEC2ERKS1_
                0x0000000008002658       0x1e ./Core/Src/Sequencer.o
                0x0000000008002658                std::_Vector_base<Block, std::allocator<Block> >::_Vector_base(std::allocator<Block> const&)
                0x0000000008002658                std::_Vector_base<Block, std::allocator<Block> >::_Vector_base(std::allocator<Block> const&)
 .text._ZNSt12_Vector_baseI5BlockSaIS0_EE17_Vector_impl_data12_M_copy_dataERKS3_
                0x0000000008002676       0x2e ./Core/Src/Sequencer.o
                0x0000000008002676                std::_Vector_base<Block, std::allocator<Block> >::_Vector_impl_data::_M_copy_data(std::_Vector_base<Block, std::allocator<Block> >::_Vector_impl_data const&)
 .text._ZSt18__do_alloc_on_moveISaI5BlockEEvRT_S3_St17integral_constantIbLb1EE
                0x00000000080026a4       0x1a ./Core/Src/Sequencer.o
                0x00000000080026a4                void std::__do_alloc_on_move<std::allocator<Block> >(std::allocator<Block>&, std::allocator<Block>&, std::integral_constant<bool, true>)
 .text._ZNKSt6vectorI5BlockSaIS0_EE8max_sizeEv
                0x00000000080026be       0x22 ./Core/Src/Sequencer.o
                0x00000000080026be                std::vector<Block, std::allocator<Block> >::max_size() const
 .text._ZSt3maxIjERKT_S2_S2_
                0x00000000080026e0       0x28 ./Core/Src/Sequencer.o
                0x00000000080026e0                unsigned int const& std::max<unsigned int>(unsigned int const&, unsigned int const&)
 .text._ZNSt16allocator_traitsISaI5BlockEE8allocateERS1_j
                0x0000000008002708       0x1e ./Core/Src/Sequencer.o
                0x0000000008002708                std::allocator_traits<std::allocator<Block> >::allocate(std::allocator<Block>&, unsigned int)
 .text._ZNSt6vectorI5BlockSaIS0_EE14_S_do_relocateEPS0_S3_S3_RS1_St17integral_constantIbLb1EE
                0x0000000008002726       0x24 ./Core/Src/Sequencer.o
                0x0000000008002726                std::vector<Block, std::allocator<Block> >::_S_do_relocate(Block*, Block*, Block*, std::allocator<Block>&, std::integral_constant<bool, true>)
 .text._ZSt32__make_move_if_noexcept_iteratorI5BlockSt13move_iteratorIPS0_EET0_PT_
                0x000000000800274a       0x1e ./Core/Src/Sequencer.o
                0x000000000800274a                std::move_iterator<Block*> std::__make_move_if_noexcept_iterator<Block, std::move_iterator<Block*> >(Block*)
 .text._ZSt22__uninitialized_copy_aISt13move_iteratorIP5BlockES2_S1_ET0_T_S5_S4_RSaIT1_E
                0x0000000008002768       0x22 ./Core/Src/Sequencer.o
                0x0000000008002768                Block* std::__uninitialized_copy_a<std::move_iterator<Block*>, Block*, Block>(std::move_iterator<Block*>, std::move_iterator<Block*>, Block*, std::allocator<Block>&)
 .text._ZN9__gnu_cxx13new_allocatorI5BlockE7destroyIS1_EEvPT_
                0x000000000800278a       0x16 ./Core/Src/Sequencer.o
                0x000000000800278a                void __gnu_cxx::new_allocator<Block>::destroy<Block>(Block*)
 .text._ZN9__gnu_cxx13new_allocatorI5BlockEC2ERKS2_
                0x00000000080027a0       0x18 ./Core/Src/Sequencer.o
                0x00000000080027a0                __gnu_cxx::new_allocator<Block>::new_allocator(__gnu_cxx::new_allocator<Block> const&)
                0x00000000080027a0                __gnu_cxx::new_allocator<Block>::new_allocator(__gnu_cxx::new_allocator<Block> const&)
 .text._ZNSt12_Vector_baseI5BlockSaIS0_EE12_Vector_implC2ERKS1_
                0x00000000080027b8       0x24 ./Core/Src/Sequencer.o
                0x00000000080027b8                std::_Vector_base<Block, std::allocator<Block> >::_Vector_impl::_Vector_impl(std::allocator<Block> const&)
                0x00000000080027b8                std::_Vector_base<Block, std::allocator<Block> >::_Vector_impl::_Vector_impl(std::allocator<Block> const&)
 .text._ZSt4moveIRSaI5BlockEEONSt16remove_referenceIT_E4typeEOS4_
                0x00000000080027dc       0x16 ./Core/Src/Sequencer.o
                0x00000000080027dc                std::remove_reference<std::allocator<Block>&>::type&& std::move<std::allocator<Block>&>(std::allocator<Block>&)
 *fill*         0x00000000080027f2        0x2 
 .text._ZNSt6vectorI5BlockSaIS0_EE11_S_max_sizeERKS1_
                0x00000000080027f4       0x38 ./Core/Src/Sequencer.o
                0x00000000080027f4                std::vector<Block, std::allocator<Block> >::_S_max_size(std::allocator<Block> const&)
 .text._ZN9__gnu_cxx13new_allocatorI5BlockE8allocateEjPKv
                0x000000000800282c       0x42 ./Core/Src/Sequencer.o
                0x000000000800282c                __gnu_cxx::new_allocator<Block>::allocate(unsigned int, void const*)
 .text._ZSt12__relocate_aIP5BlockS1_SaIS0_EET0_T_S4_S3_RT1_
                0x000000000800286e       0x3a ./Core/Src/Sequencer.o
                0x000000000800286e                Block* std::__relocate_a<Block*, Block*, std::allocator<Block> >(Block*, Block*, Block*, std::allocator<Block>&)
 .text._ZNSt13move_iteratorIP5BlockEC2ES1_
                0x00000000080028a8       0x24 ./Core/Src/Sequencer.o
                0x00000000080028a8                std::move_iterator<Block*>::move_iterator(Block*)
                0x00000000080028a8                std::move_iterator<Block*>::move_iterator(Block*)
 .text._ZSt18uninitialized_copyISt13move_iteratorIP5BlockES2_ET0_T_S5_S4_
                0x00000000080028cc       0x24 ./Core/Src/Sequencer.o
                0x00000000080028cc                Block* std::uninitialized_copy<std::move_iterator<Block*>, Block*>(std::move_iterator<Block*>, std::move_iterator<Block*>, Block*)
 .text._ZNSt16allocator_traitsISaI5BlockEE8max_sizeERKS1_
                0x00000000080028f0       0x18 ./Core/Src/Sequencer.o
                0x00000000080028f0                std::allocator_traits<std::allocator<Block> >::max_size(std::allocator<Block> const&)
 .text._ZSt3minIjERKT_S2_S2_
                0x0000000008002908       0x28 ./Core/Src/Sequencer.o
                0x0000000008002908                unsigned int const& std::min<unsigned int>(unsigned int const&, unsigned int const&)
 .text._ZNK9__gnu_cxx13new_allocatorI5BlockE11_M_max_sizeEv
                0x0000000008002930       0x1c ./Core/Src/Sequencer.o
                0x0000000008002930                __gnu_cxx::new_allocator<Block>::_M_max_size() const
 .text._ZSt12__niter_baseIP5BlockET_S2_
                0x000000000800294c       0x16 ./Core/Src/Sequencer.o
                0x000000000800294c                Block* std::__niter_base<Block*>(Block*)
 .text._ZSt14__relocate_a_1IP5BlockS1_SaIS0_EET0_T_S4_S3_RT1_
                0x0000000008002962       0x4c ./Core/Src/Sequencer.o
                0x0000000008002962                Block* std::__relocate_a_1<Block*, Block*, std::allocator<Block> >(Block*, Block*, Block*, std::allocator<Block>&)
 .text._ZSt4moveIRP5BlockEONSt16remove_referenceIT_E4typeEOS4_
                0x00000000080029ae       0x16 ./Core/Src/Sequencer.o
                0x00000000080029ae                std::remove_reference<Block*&>::type&& std::move<Block*&>(Block*&)
 .text._ZNSt20__uninitialized_copyILb0EE13__uninit_copyISt13move_iteratorIP5BlockES4_EET0_T_S7_S6_
                0x00000000080029c4       0x5e ./Core/Src/Sequencer.o
                0x00000000080029c4                Block* std::__uninitialized_copy<false>::__uninit_copy<std::move_iterator<Block*>, Block*>(std::move_iterator<Block*>, std::move_iterator<Block*>, Block*)
 .text._ZNK9__gnu_cxx13new_allocatorI5BlockE8max_sizeEv
                0x0000000008002a22       0x18 ./Core/Src/Sequencer.o
                0x0000000008002a22                __gnu_cxx::new_allocator<Block>::max_size() const
 .text._ZSt11__addressofI5BlockEPT_RS1_
                0x0000000008002a3a       0x16 ./Core/Src/Sequencer.o
                0x0000000008002a3a                Block* std::__addressof<Block>(Block&)
 .text._ZSt19__relocate_object_aI5BlockS0_SaIS0_EEvPT_PT0_RT1_
                0x0000000008002a50       0x36 ./Core/Src/Sequencer.o
                0x0000000008002a50                void std::__relocate_object_a<Block, Block, std::allocator<Block> >(Block*, Block*, std::allocator<Block>&)
 .text._ZStneIP5BlockEbRKSt13move_iteratorIT_ES6_
                0x0000000008002a86       0x22 ./Core/Src/Sequencer.o
                0x0000000008002a86                bool std::operator!=<Block*>(std::move_iterator<Block*> const&, std::move_iterator<Block*> const&)
 .text._ZNSt13move_iteratorIP5BlockEppEv
                0x0000000008002aa8       0x22 ./Core/Src/Sequencer.o
                0x0000000008002aa8                std::move_iterator<Block*>::operator++()
 .text._ZNKSt13move_iteratorIP5BlockEdeEv
                0x0000000008002aca       0x18 ./Core/Src/Sequencer.o
                0x0000000008002aca                std::move_iterator<Block*>::operator*() const
 .text._ZSt10_ConstructI5BlockJS0_EEvPT_DpOT0_
                0x0000000008002ae2       0x34 ./Core/Src/Sequencer.o
                0x0000000008002ae2                void std::_Construct<Block, Block>(Block*, Block&&)
 .text._ZSteqIP5BlockEbRKSt13move_iteratorIT_ES6_
                0x0000000008002b16       0x2c ./Core/Src/Sequencer.o
                0x0000000008002b16                bool std::operator==<Block*>(std::move_iterator<Block*> const&, std::move_iterator<Block*> const&)
 .text._ZNKSt13move_iteratorIP5BlockE4baseEv
                0x0000000008002b42       0x18 ./Core/Src/Sequencer.o
                0x0000000008002b42                std::move_iterator<Block*>::base() const
 .text._ZN9Sequencer10getProjectEv
                0x0000000008002b5a       0x16 ./Core/Src/SequencerUI.o
                0x0000000008002b5a                Sequencer::getProject()
 .text._ZN17SequencerRendererC2Ev
                0x0000000008002b70       0x1c ./Core/Src/SequencerUI.o
                0x0000000008002b70                SequencerRenderer::SequencerRenderer()
                0x0000000008002b70                SequencerRenderer::SequencerRenderer()
 .text._ZN17SequencerRenderer11getInstanceEv
                0x0000000008002b8c       0x50 ./Core/Src/SequencerUI.o
                0x0000000008002b8c                SequencerRenderer::getInstance()
 .text._ZN17SequencerRenderer4initEv
                0x0000000008002bdc       0x16 ./Core/Src/SequencerUI.o
                0x0000000008002bdc                SequencerRenderer::init()
 *fill*         0x0000000008002bf2        0x2 
 .text._ZN17SequencerRenderer16drawSplashScreenEv
                0x0000000008002bf4       0xa0 ./Core/Src/SequencerUI.o
                0x0000000008002bf4                SequencerRenderer::drawSplashScreen()
 .text._ZN17SequencerRenderer12drawMainMenuEv
                0x0000000008002c94       0xe8 ./Core/Src/SequencerUI.o
                0x0000000008002c94                SequencerRenderer::drawMainMenu()
 .text._ZN17SequencerRenderer12drawEditModeERK9EditState
                0x0000000008002d7c       0x56 ./Core/Src/SequencerUI.o
                0x0000000008002d7c                SequencerRenderer::drawEditMode(EditState const&)
 *fill*         0x0000000008002dd2        0x2 
 .text._ZN17SequencerRenderer16drawSettingsModeEv
                0x0000000008002dd4       0xd8 ./Core/Src/SequencerUI.o
                0x0000000008002dd4                SequencerRenderer::drawSettingsMode()
 .text._ZN17SequencerRenderer14drawHelpScreenEv
                0x0000000008002eac       0xa0 ./Core/Src/SequencerUI.o
                0x0000000008002eac                SequencerRenderer::drawHelpScreen()
 .text._ZN17SequencerRenderer10drawTracksERK7ProjectRK9EditState
                0x0000000008002f4c       0x3e ./Core/Src/SequencerUI.o
                0x0000000008002f4c                SequencerRenderer::drawTracks(Project const&, EditState const&)
 *fill*         0x0000000008002f8a        0x2 
 .text._ZN17SequencerRenderer9drawTrackEhRK5TrackRK9EditState
                0x0000000008002f8c       0xf8 ./Core/Src/SequencerUI.o
                0x0000000008002f8c                SequencerRenderer::drawTrack(unsigned char, Track const&, EditState const&)
 .text._ZN17SequencerRenderer9drawBlockEhhRK5Blockbb
                0x0000000008003084       0xc2 ./Core/Src/SequencerUI.o
                0x0000000008003084                SequencerRenderer::drawBlock(unsigned char, unsigned char, Block const&, bool, bool)
 .text._ZN17SequencerRenderer8drawBeatEhhRK4Beatbb9TrackType
                0x0000000008003146       0x62 ./Core/Src/SequencerUI.o
                0x0000000008003146                SequencerRenderer::drawBeat(unsigned char, unsigned char, Beat const&, bool, bool, TrackType)
 .text._ZN17SequencerRenderer13drawStatusBarERK7Project
                0x00000000080031a8       0x84 ./Core/Src/SequencerUI.o
                0x00000000080031a8                SequencerRenderer::drawStatusBar(Project const&)
 .text._ZN17SequencerRenderer11drawBeatBoxEhhbbb
                0x000000000800322c       0x70 ./Core/Src/SequencerUI.o
                0x000000000800322c                SequencerRenderer::drawBeatBox(unsigned char, unsigned char, bool, bool, bool)
 .text._ZN17SequencerRenderer11drawNoteBoxEhhhbbb
                0x000000000800329c       0xa4 ./Core/Src/SequencerUI.o
                0x000000000800329c                SequencerRenderer::drawNoteBox(unsigned char, unsigned char, unsigned char, bool, bool, bool)
 .text._ZNK17SequencerRenderer11getNoteNameEhb
                0x0000000008003340       0x54 ./Core/Src/SequencerUI.o
                0x0000000008003340                SequencerRenderer::getNoteName(unsigned char, bool) const
 .text._ZN10MenuSystem11getInstanceEv
                0x0000000008003394       0x4c ./Core/Src/SequencerUI.o
                0x0000000008003394                MenuSystem::getInstance()
 .text._ZN10MenuSystem4initEv
                0x00000000080033e0       0x64 ./Core/Src/SequencerUI.o
                0x00000000080033e0                MenuSystem::init()
 .text._ZN10MenuSystem10onKeyPressEh
                0x0000000008003444       0x9c ./Core/Src/SequencerUI.o
                0x0000000008003444                MenuSystem::onKeyPress(unsigned char)
 .text._ZN10MenuSystem12onKeyReleaseEh
                0x00000000080034e0       0x30 ./Core/Src/SequencerUI.o
                0x00000000080034e0                MenuSystem::onKeyRelease(unsigned char)
 .text._ZN10MenuSystem12showMainMenuEv
                0x0000000008003510       0x34 ./Core/Src/SequencerUI.o
                0x0000000008003510                MenuSystem::showMainMenu()
 .text._ZN10MenuSystem12showEditModeEv
                0x0000000008003544       0x9c ./Core/Src/SequencerUI.o
                0x0000000008003544                MenuSystem::showEditMode()
 .text._ZN10MenuSystem16showSettingsModeEv
                0x00000000080035e0       0x1a ./Core/Src/SequencerUI.o
                0x00000000080035e0                MenuSystem::showSettingsMode()
 .text._ZN10MenuSystem14showHelpScreenEv
                0x00000000080035fa       0x1a ./Core/Src/SequencerUI.o
                0x00000000080035fa                MenuSystem::showHelpScreen()
 .text._ZN10MenuSystem15processMainMenuEh
                0x0000000008003614      0x140 ./Core/Src/SequencerUI.o
                0x0000000008003614                MenuSystem::processMainMenu(unsigned char)
 .text._ZN10MenuSystem15processEditModeEh
                0x0000000008003754      0x234 ./Core/Src/SequencerUI.o
                0x0000000008003754                MenuSystem::processEditMode(unsigned char)
 .text._ZSt3minIiERKT_S2_S2_
                0x0000000008003988       0x28 ./Core/Src/SequencerUI.o
                0x0000000008003988                int const& std::min<int>(int const&, int const&)
 .text._ZSt3maxIiERKT_S2_S2_
                0x00000000080039b0       0x28 ./Core/Src/SequencerUI.o
                0x00000000080039b0                int const& std::max<int>(int const&, int const&)
 .text._ZN10MenuSystem19processSettingsModeEh
                0x00000000080039d8       0xf4 ./Core/Src/SequencerUI.o
                0x00000000080039d8                MenuSystem::processSettingsMode(unsigned char)
 .text._ZN10MenuSystem10toggleBeatEv
                0x0000000008003acc      0x188 ./Core/Src/SequencerUI.o
                0x0000000008003acc                MenuSystem::toggleBeat()
 .text._ZNKSt6vectorI5BlockSaIS0_EEixEj
                0x0000000008003c54       0x26 ./Core/Src/SequencerUI.o
                0x0000000008003c54                std::vector<Block, std::allocator<Block> >::operator[](unsigned int) const
 *fill*         0x0000000008003c7a        0x2 
 .text._ZN11UartControl11getInstanceEv
                0x0000000008003c7c       0x4c ./Core/Src/UartControl.o
                0x0000000008003c7c                UartControl::getInstance()
 .text._ZN11UartControl4initEv
                0x0000000008003cc8       0x94 ./Core/Src/UartControl.o
                0x0000000008003cc8                UartControl::init()
 .text._ZN11UartControl6updateEv
                0x0000000008003d5c       0x50 ./Core/Src/UartControl.o
                0x0000000008003d5c                UartControl::update()
 .text._ZN11UartControl17handleButtonEventEv
                0x0000000008003dac       0xdc ./Core/Src/UartControl.o
                0x0000000008003dac                UartControl::handleButtonEvent()
 .text._ZN11UartControl15updateIndicatorEv
                0x0000000008003e88       0x42 ./Core/Src/UartControl.o
                0x0000000008003e88                UartControl::updateIndicator()
 .text._ZN11UartControl11setLedStateEv
                0x0000000008003eca       0x3e ./Core/Src/UartControl.o
                0x0000000008003eca                UartControl::setLedState()
 .text._ZN11UartControl10enableUartEv
                0x0000000008003f08       0x1c ./Core/Src/UartControl.o
                0x0000000008003f08                UartControl::enableUart()
 .text._ZN11UartControl11disableUartEv
                0x0000000008003f24       0x1c ./Core/Src/UartControl.o
                0x0000000008003f24                UartControl::disableUart()
 .text._ZN11UartControl10toggleUartEv
                0x0000000008003f40       0x26 ./Core/Src/UartControl.o
                0x0000000008003f40                UartControl::toggleUart()
 .text.phys_pressed
                0x0000000008003f66       0x2a ./Core/Src/button.o
 .text.Button_Init
                0x0000000008003f90       0x52 ./Core/Src/button.o
                0x0000000008003f90                Button_Init
 *fill*         0x0000000008003fe2        0x2 
 .text.Button_Poll
                0x0000000008003fe4      0x100 ./Core/Src/button.o
                0x0000000008003fe4                Button_Poll
 .text.Button_EventReady
                0x00000000080040e4       0x18 ./Core/Src/button.o
                0x00000000080040e4                Button_EventReady
 .text.Button_EventIsLong
                0x00000000080040fc       0x18 ./Core/Src/button.o
                0x00000000080040fc                Button_EventIsLong
 .text.Button_EventClear
                0x0000000008004114       0x1a ./Core/Src/button.o
                0x0000000008004114                Button_EventClear
 .text.uart_on_receive_isr
                0x000000000800412e       0x14 ./Core/Src/cpp_wrappers.o
                0x000000000800412e                uart_on_receive_isr
 .text.uart_process_tx_buffer
                0x0000000008004142       0x14 ./Core/Src/cpp_wrappers.o
                0x0000000008004142                uart_process_tx_buffer
 *fill*         0x0000000008004156        0x2 
 .text.MX_GPIO_Init
                0x0000000008004158       0xfc ./Core/Src/gpio.o
                0x0000000008004158                MX_GPIO_Init
 .text.MX_I2C1_Init
                0x0000000008004254       0x80 ./Core/Src/i2c.o
                0x0000000008004254                MX_I2C1_Init
 .text.HAL_I2C_MspInit
                0x00000000080042d4       0x90 ./Core/Src/i2c.o
                0x00000000080042d4                HAL_I2C_MspInit
 .text.Led_Init
                0x0000000008004364       0x26 ./Core/Src/led.o
                0x0000000008004364                Led_Init
 .text.Led_Set  0x000000000800438a       0x24 ./Core/Src/led.o
                0x000000000800438a                Led_Set
 .text._ZNK9Scheduler12getTaskCountEv
                0x00000000080043ae       0x1a ./Core/Src/main.o
                0x00000000080043ae                Scheduler::getTaskCount() const
 .text._ZN4NoteC2Etmh
                0x00000000080043c8       0x34 ./Core/Src/main.o
                0x00000000080043c8                Note::Note(unsigned short, unsigned long, unsigned char)
                0x00000000080043c8                Note::Note(unsigned short, unsigned long, unsigned char)
 .text._ZN6MelodyC2EPK4Notett
                0x00000000080043fc       0x36 ./Core/Src/main.o
                0x00000000080043fc                Melody::Melody(Note const*, unsigned short, unsigned short)
                0x00000000080043fc                Melody::Melody(Note const*, unsigned short, unsigned short)
 *fill*         0x0000000008004432        0x2 
 .text.main     0x0000000008004434      0x44c ./Core/Src/main.o
                0x0000000008004434                main
 .text._Z18SystemClock_Configv
                0x0000000008004880       0xd4 ./Core/Src/main.o
                0x0000000008004880                SystemClock_Config()
 .text.Error_Handler
                0x0000000008004954        0xa ./Core/Src/main.o
                0x0000000008004954                Error_Handler
 *fill*         0x000000000800495e        0x2 
 .text.PCA9538_Read_Register
                0x0000000008004960       0x40 ./Core/Src/pca9538.o
                0x0000000008004960                PCA9538_Read_Register
 .text.PCA9538_Write_Register
                0x00000000080049a0       0x40 ./Core/Src/pca9538.o
                0x00000000080049a0                PCA9538_Write_Register
 .text.PCA9538_Read_Inputs
                0x00000000080049e0       0x22 ./Core/Src/pca9538.o
                0x00000000080049e0                PCA9538_Read_Inputs
 *fill*         0x0000000008004a02        0x2 
 .text.HAL_MspInit
                0x0000000008004a04       0x50 ./Core/Src/stm32f4xx_hal_msp.o
                0x0000000008004a04                HAL_MspInit
 .text.NMI_Handler
                0x0000000008004a54        0x6 ./Core/Src/stm32f4xx_it.o
                0x0000000008004a54                NMI_Handler
 .text.HardFault_Handler
                0x0000000008004a5a        0x6 ./Core/Src/stm32f4xx_it.o
                0x0000000008004a5a                HardFault_Handler
 .text.MemManage_Handler
                0x0000000008004a60        0x6 ./Core/Src/stm32f4xx_it.o
                0x0000000008004a60                MemManage_Handler
 .text.BusFault_Handler
                0x0000000008004a66        0x6 ./Core/Src/stm32f4xx_it.o
                0x0000000008004a66                BusFault_Handler
 .text.UsageFault_Handler
                0x0000000008004a6c        0x6 ./Core/Src/stm32f4xx_it.o
                0x0000000008004a6c                UsageFault_Handler
 .text.SVC_Handler
                0x0000000008004a72        0xe ./Core/Src/stm32f4xx_it.o
                0x0000000008004a72                SVC_Handler
 .text.DebugMon_Handler
                0x0000000008004a80        0xe ./Core/Src/stm32f4xx_it.o
                0x0000000008004a80                DebugMon_Handler
 .text.PendSV_Handler
                0x0000000008004a8e        0xe ./Core/Src/stm32f4xx_it.o
                0x0000000008004a8e                PendSV_Handler
 .text.SysTick_Handler
                0x0000000008004a9c        0xc ./Core/Src/stm32f4xx_it.o
                0x0000000008004a9c                SysTick_Handler
 .text.TIM6_DAC_IRQHandler
                0x0000000008004aa8       0x14 ./Core/Src/stm32f4xx_it.o
                0x0000000008004aa8                TIM6_DAC_IRQHandler
 .text.HAL_TIM_PeriodElapsedCallback
                0x0000000008004abc       0x14 ./Core/Src/stm32f4xx_it.o
                0x0000000008004abc                HAL_TIM_PeriodElapsedCallback
 .text.USART6_IRQHandler
                0x0000000008004ad0       0x14 ./Core/Src/stm32f4xx_it.o
                0x0000000008004ad0                USART6_IRQHandler
 .text.HAL_UART_RxCpltCallback
                0x0000000008004ae4       0x24 ./Core/Src/stm32f4xx_it.o
                0x0000000008004ae4                HAL_UART_RxCpltCallback
 .text.HAL_UART_ErrorCallback
                0x0000000008004b08       0x2c ./Core/Src/stm32f4xx_it.o
                0x0000000008004b08                HAL_UART_ErrorCallback
 .text.HAL_UART_TxCpltCallback
                0x0000000008004b34       0x24 ./Core/Src/stm32f4xx_it.o
                0x0000000008004b34                HAL_UART_TxCpltCallback
 .text.TIM1_UP_TIM10_IRQHandler
                0x0000000008004b58       0x14 ./Core/Src/stm32f4xx_it.o
                0x0000000008004b58                TIM1_UP_TIM10_IRQHandler
 .text._getpid  0x0000000008004b6c       0x10 ./Core/Src/syscalls.o
                0x0000000008004b6c                _getpid
 .text._kill    0x0000000008004b7c       0x20 ./Core/Src/syscalls.o
                0x0000000008004b7c                _kill
 .text._exit    0x0000000008004b9c       0x14 ./Core/Src/syscalls.o
                0x0000000008004b9c                _exit
 .text._sbrk    0x0000000008004bb0       0x6c ./Core/Src/sysmem.o
                0x0000000008004bb0                _sbrk
 .text.SystemInit
                0x0000000008004c1c       0x24 ./Core/Src/system_stm32f4xx.o
                0x0000000008004c1c                SystemInit
 .text.MX_TIM1_Init
                0x0000000008004c40      0x144 ./Core/Src/tim.o
                0x0000000008004c40                MX_TIM1_Init
 .text.HAL_TIM_Base_MspInit
                0x0000000008004d84       0x70 ./Core/Src/tim.o
                0x0000000008004d84                HAL_TIM_Base_MspInit
 .text.HAL_TIM_MspPostInit
                0x0000000008004df4       0x74 ./Core/Src/tim.o
                0x0000000008004df4                HAL_TIM_MspPostInit
 .text.MX_USART6_UART_Init
                0x0000000008004e68       0x54 ./Core/Src/usart.o
                0x0000000008004e68                MX_USART6_UART_Init
 .text.HAL_UART_MspInit
                0x0000000008004ebc       0x90 ./Core/Src/usart.o
                0x0000000008004ebc                HAL_UART_MspInit
 .text._ZNK12MelodyPlayer9isPlayingEv
                0x0000000008004f4c       0x18 ./Core/Src/drivers/Buzzer.o
                0x0000000008004f4c                MelodyPlayer::isPlaying() const
 .text._ZN6Buzzer7ChannelC2Ev
                0x0000000008004f64       0x28 ./Core/Src/drivers/Buzzer.o
                0x0000000008004f64                Buzzer::Channel::Channel()
                0x0000000008004f64                Buzzer::Channel::Channel()
 .text._ZN6BuzzerC2Ev
                0x0000000008004f8c       0x32 ./Core/Src/drivers/Buzzer.o
                0x0000000008004f8c                Buzzer::Buzzer()
                0x0000000008004f8c                Buzzer::Buzzer()
 *fill*         0x0000000008004fbe        0x2 
 .text._ZN6Buzzer11getInstanceEv
                0x0000000008004fc0       0x50 ./Core/Src/drivers/Buzzer.o
                0x0000000008004fc0                Buzzer::getInstance()
 .text._ZN6Buzzer4initEv
                0x0000000008005010       0x4c ./Core/Src/drivers/Buzzer.o
                0x0000000008005010                Buzzer::init()
 .text._ZN6Buzzer8playNoteEhth
                0x000000000800505c       0x84 ./Core/Src/drivers/Buzzer.o
                0x000000000800505c                Buzzer::playNote(unsigned char, unsigned short, unsigned char)
 .text._ZN6Buzzer7stopAllEv
                0x00000000080050e0       0x4a ./Core/Src/drivers/Buzzer.o
                0x00000000080050e0                Buzzer::stopAll()
 .text._ZN6Buzzer15setGlobalVolumeEh
                0x000000000800512a       0x2c ./Core/Src/drivers/Buzzer.o
                0x000000000800512a                Buzzer::setGlobalVolume(unsigned char)
 .text._ZN6Buzzer10playMelodyERK6Melody
                0x0000000008005156       0x1e ./Core/Src/drivers/Buzzer.o
                0x0000000008005156                Buzzer::playMelody(Melody const&)
 .text._ZNK6Buzzer9isPlayingEv
                0x0000000008005174       0x1c ./Core/Src/drivers/Buzzer.o
                0x0000000008005174                Buzzer::isPlaying() const
 .text._ZN6Buzzer6updateEv
                0x0000000008005190       0x1a ./Core/Src/drivers/Buzzer.o
                0x0000000008005190                Buzzer::update()
 *fill*         0x00000000080051aa        0x2 
 .text._ZN6Buzzer9updatePWMEv
                0x00000000080051ac      0x11c ./Core/Src/drivers/Buzzer.o
                0x00000000080051ac                Buzzer::updatePWM()
 .text._ZN12MelodyPlayerC2Ev
                0x00000000080052c8       0x34 ./Core/Src/drivers/Buzzer.o
                0x00000000080052c8                MelodyPlayer::MelodyPlayer()
                0x00000000080052c8                MelodyPlayer::MelodyPlayer()
 .text._ZN12MelodyPlayer4playERK6Melody
                0x00000000080052fc       0x6c ./Core/Src/drivers/Buzzer.o
                0x00000000080052fc                MelodyPlayer::play(Melody const&)
 .text._ZN12MelodyPlayer4stopEv
                0x0000000008005368       0x28 ./Core/Src/drivers/Buzzer.o
                0x0000000008005368                MelodyPlayer::stop()
 .text._ZN12MelodyPlayer6updateEv
                0x0000000008005390       0xd6 ./Core/Src/drivers/Buzzer.o
                0x0000000008005390                MelodyPlayer::update()
 .text._ZNK12MelodyPlayer15getNoteDurationEm
                0x0000000008005466       0x3e ./Core/Src/drivers/Buzzer.o
                0x0000000008005466                MelodyPlayer::getNoteDuration(unsigned long) const
 .text._ZN7Display11getInstanceEv
                0x00000000080054a4       0x4c ./Core/Src/drivers/Display.o
                0x00000000080054a4                Display::getInstance()
 .text._ZN7Display4initEv
                0x00000000080054f0      0x12e ./Core/Src/drivers/Display.o
                0x00000000080054f0                Display::init()
 .text._ZN7Display5clearE12DisplayColor
                0x000000000800561e       0x40 ./Core/Src/drivers/Display.o
                0x000000000800561e                Display::clear(DisplayColor)
 .text._ZN7Display6updateEv
                0x000000000800565e       0x64 ./Core/Src/drivers/Display.o
                0x000000000800565e                Display::update()
 .text._ZN7Display9setCursorEhh
                0x00000000080056c2       0x2c ./Core/Src/drivers/Display.o
                0x00000000080056c2                Display::setCursor(unsigned char, unsigned char)
 .text._ZN7Display9drawPixelEhh12DisplayColor
                0x00000000080056ee       0x5c ./Core/Src/drivers/Display.o
                0x00000000080056ee                Display::drawPixel(unsigned char, unsigned char, DisplayColor)
 .text._ZN7Display9drawHLineEhhh12DisplayColor
                0x000000000800574a       0x56 ./Core/Src/drivers/Display.o
                0x000000000800574a                Display::drawHLine(unsigned char, unsigned char, unsigned char, DisplayColor)
 .text._ZN7Display9drawVLineEhhh12DisplayColor
                0x00000000080057a0       0x56 ./Core/Src/drivers/Display.o
                0x00000000080057a0                Display::drawVLine(unsigned char, unsigned char, unsigned char, DisplayColor)
 .text._ZN7Display8drawRectEhhhh12DisplayColor
                0x00000000080057f6       0xaa ./Core/Src/drivers/Display.o
                0x00000000080057f6                Display::drawRect(unsigned char, unsigned char, unsigned char, unsigned char, DisplayColor)
 .text._ZN7Display14drawFilledRectEhhhh12DisplayColor
                0x00000000080058a0       0x5a ./Core/Src/drivers/Display.o
                0x00000000080058a0                Display::drawFilledRect(unsigned char, unsigned char, unsigned char, unsigned char, DisplayColor)
 *fill*         0x00000000080058fa        0x2 
 .text._ZN7Display8drawCharEchh12DisplayColor
                0x00000000080058fc       0xcc ./Core/Src/drivers/Display.o
                0x00000000080058fc                Display::drawChar(char, unsigned char, unsigned char, DisplayColor)
 .text._ZN7Display5printEPKc
                0x00000000080059c8       0x6e ./Core/Src/drivers/Display.o
                0x00000000080059c8                Display::print(char const*)
 .text._ZN7Display6printfEPKcz
                0x0000000008005a36       0x3a ./Core/Src/drivers/Display.o
                0x0000000008005a36                Display::printf(char const*, ...)
 .text._ZN7Display12writeCommandEh
                0x0000000008005a70       0x30 ./Core/Src/drivers/Display.o
                0x0000000008005a70                Display::writeCommand(unsigned char)
 .text._ZN7Display9writeDataEPht
                0x0000000008005aa0       0x34 ./Core/Src/drivers/Display.o
                0x0000000008005aa0                Display::writeData(unsigned char*, unsigned short)
 .text._ZNK7Display15isPixelInBoundsEhh
                0x0000000008005ad4       0x30 ./Core/Src/drivers/Display.o
                0x0000000008005ad4                Display::isPixelInBounds(unsigned char, unsigned char) const
 .text._ZN7Display16setPixelInBufferEhh12DisplayColor
                0x0000000008005b04       0x98 ./Core/Src/drivers/Display.o
                0x0000000008005b04                Display::setPixelInBuffer(unsigned char, unsigned char, DisplayColor)
 .text._ZN8Keyboard11getInstanceEv
                0x0000000008005b9c       0x4c ./Core/Src/drivers/Keyboard.o
                0x0000000008005b9c                Keyboard::getInstance()
 .text._ZN8Keyboard4initEv
                0x0000000008005be8       0xc8 ./Core/Src/drivers/Keyboard.o
                0x0000000008005be8                Keyboard::init()
 .text._ZN8Keyboard4scanEv
                0x0000000008005cb0      0x2a0 ./Core/Src/drivers/Keyboard.o
                0x0000000008005cb0                Keyboard::scan()
 .text._ZN8Keyboard11setCallbackEPFvh8KeyEventE
                0x0000000008005f50       0x1c ./Core/Src/drivers/Keyboard.o
                0x0000000008005f50                Keyboard::setCallback(void (*)(unsigned char, KeyEvent))
 .text._ZN8Keyboard10getKeyCodeEhh
                0x0000000008005f6c       0x70 ./Core/Src/drivers/Keyboard.o
                0x0000000008005f6c                Keyboard::getKeyCode(unsigned char, unsigned char)
 .text._ZN8Keyboard15processKeyEventEhb
                0x0000000008005fdc       0xd8 ./Core/Src/drivers/Keyboard.o
                0x0000000008005fdc                Keyboard::processKeyEvent(unsigned char, bool)
 .text._ZN4ADSRC2Ettht
                0x00000000080060b4       0x40 ./Core/Src/drivers/Synthesizer.o
                0x00000000080060b4                ADSR::ADSR(unsigned short, unsigned short, unsigned char, unsigned short)
                0x00000000080060b4                ADSR::ADSR(unsigned short, unsigned short, unsigned char, unsigned short)
 .text._ZN5VoiceC2Ev
                0x00000000080060f4       0x50 ./Core/Src/drivers/Synthesizer.o
                0x00000000080060f4                Voice::Voice()
                0x00000000080060f4                Voice::Voice()
 .text._ZN9DrumSoundC2Etthb
                0x0000000008006144       0x40 ./Core/Src/drivers/Synthesizer.o
                0x0000000008006144                DrumSound::DrumSound(unsigned short, unsigned short, unsigned char, bool)
                0x0000000008006144                DrumSound::DrumSound(unsigned short, unsigned short, unsigned char, bool)
 .text._ZN11SynthesizerC2Ev
                0x0000000008006184       0x28 ./Core/Src/drivers/Synthesizer.o
                0x0000000008006184                Synthesizer::Synthesizer()
                0x0000000008006184                Synthesizer::Synthesizer()
 .text._ZN11Synthesizer11getInstanceEv
                0x00000000080061ac       0x50 ./Core/Src/drivers/Synthesizer.o
                0x00000000080061ac                Synthesizer::getInstance()
 .text._ZN11Synthesizer4initEv
                0x00000000080061fc       0xaa ./Core/Src/drivers/Synthesizer.o
                0x00000000080061fc                Synthesizer::init()
 *fill*         0x00000000080062a6        0x2 
 .text._ZN11Synthesizer6noteOnEhhh
                0x00000000080062a8      0x154 ./Core/Src/drivers/Synthesizer.o
                0x00000000080062a8                Synthesizer::noteOn(unsigned char, unsigned char, unsigned char)
 .text._ZN11Synthesizer7noteOffEhh
                0x00000000080063fc       0x88 ./Core/Src/drivers/Synthesizer.o
                0x00000000080063fc                Synthesizer::noteOff(unsigned char, unsigned char)
 .text._ZN11Synthesizer11allNotesOffEv
                0x0000000008006484       0x56 ./Core/Src/drivers/Synthesizer.o
                0x0000000008006484                Synthesizer::allNotesOff()
 *fill*         0x00000000080064da        0x2 
 .text._ZN11Synthesizer8playDrumE10DrumPreseth
                0x00000000080064dc       0x70 ./Core/Src/drivers/Synthesizer.o
                0x00000000080064dc                Synthesizer::playDrum(DrumPreset, unsigned char)
 .text._ZN11Synthesizer6updateEv
                0x000000000800654c       0xe0 ./Core/Src/drivers/Synthesizer.o
                0x000000000800654c                Synthesizer::update()
 .text._ZNK11Synthesizer15getActiveVoicesEv
                0x000000000800662c       0x48 ./Core/Src/drivers/Synthesizer.o
                0x000000000800662c                Synthesizer::getActiveVoices() const
 .text._ZNK11Synthesizer9findVoiceEhh
                0x0000000008006674       0x82 ./Core/Src/drivers/Synthesizer.o
                0x0000000008006674                Synthesizer::findVoice(unsigned char, unsigned char) const
 *fill*         0x00000000080066f6        0x2 
 .text._ZNK11Synthesizer15midiToFrequencyEh
                0x00000000080066f8       0x60 ./Core/Src/drivers/Synthesizer.o
                0x00000000080066f8                Synthesizer::midiToFrequency(unsigned char) const
 .text._ZNK11Synthesizer15calculateVolumeERK5Voice
                0x0000000008006758      0x124 ./Core/Src/drivers/Synthesizer.o
                0x0000000008006758                Synthesizer::calculateVolume(Voice const&) const
 .text._ZN11Synthesizer11updateVoiceER5Voice
                0x000000000800687c       0x32 ./Core/Src/drivers/Synthesizer.o
                0x000000000800687c                Synthesizer::updateVoice(Voice&)
 *fill*         0x00000000080068ae        0x2 
 .text._ZN11Synthesizer9mixVoicesEv
                0x00000000080068b0       0xd0 ./Core/Src/drivers/Synthesizer.o
                0x00000000080068b0                Synthesizer::mixVoices()
 .text._ZN11Synthesizer17generateDrumSoundERK9DrumSound
                0x0000000008006980       0xac ./Core/Src/drivers/Synthesizer.o
                0x0000000008006980                Synthesizer::generateDrumSound(DrumSound const&)
 .text._ZNK11Synthesizer13getDrumPresetE10DrumPreset
                0x0000000008006a2c       0xec ./Core/Src/drivers/Synthesizer.o
                0x0000000008006a2c                Synthesizer::getDrumPreset(DrumPreset) const
 .text._ZN15PianoController11getInstanceEv
                0x0000000008006b18       0x4c ./Core/Src/drivers/Synthesizer.o
                0x0000000008006b18                PianoController::getInstance()
 .text._ZN15PianoController4initEv
                0x0000000008006b64       0x46 ./Core/Src/drivers/Synthesizer.o
                0x0000000008006b64                PianoController::init()
 *fill*         0x0000000008006baa        0x2 
 .text._ZN15PianoController10onKeyPressEh
                0x0000000008006bac       0x78 ./Core/Src/drivers/Synthesizer.o
                0x0000000008006bac                PianoController::onKeyPress(unsigned char)
 .text._ZNK15PianoController11getMidiNoteEh
                0x0000000008006c24       0x5e ./Core/Src/drivers/Synthesizer.o
                0x0000000008006c24                PianoController::getMidiNote(unsigned char) const
 *fill*         0x0000000008006c82        0x2 
 .text._ZN15PianoController16updateKeyMappingEv
                0x0000000008006c84       0x44 ./Core/Src/drivers/Synthesizer.o
                0x0000000008006c84                PianoController::updateKeyMapping()
 .text._ZN4UartC2Ev
                0x0000000008006cc8       0x28 ./Core/Src/drivers/Uart.o
                0x0000000008006cc8                Uart::Uart()
                0x0000000008006cc8                Uart::Uart()
 .text._ZN4Uart11getInstanceEv
                0x0000000008006cf0       0x50 ./Core/Src/drivers/Uart.o
                0x0000000008006cf0                Uart::getInstance()
 .text._ZN4Uart4initEv
                0x0000000008006d40       0x42 ./Core/Src/drivers/Uart.o
                0x0000000008006d40                Uart::init()
 .text._ZN4Uart4sendEh
                0x0000000008006d82       0x34 ./Core/Src/drivers/Uart.o
                0x0000000008006d82                Uart::send(unsigned char)
 .text._ZN4Uart4sendEPKht
                0x0000000008006db6       0x4c ./Core/Src/drivers/Uart.o
                0x0000000008006db6                Uart::send(unsigned char const*, unsigned short)
 .text._ZN4Uart6printfEPKcz
                0x0000000008006e02       0x4c ./Core/Src/drivers/Uart.o
                0x0000000008006e02                Uart::printf(char const*, ...)
 .text._ZN4Uart7receiveERh
                0x0000000008006e4e       0x24 ./Core/Src/drivers/Uart.o
                0x0000000008006e4e                Uart::receive(unsigned char&)
 *fill*         0x0000000008006e72        0x2 
 .text._ZN4Uart12onReceiveISREv
                0x0000000008006e74       0x38 ./Core/Src/drivers/Uart.o
                0x0000000008006e74                Uart::onReceiveISR()
 .text._ZN4Uart17startTransmissionEv
                0x0000000008006eac       0x80 ./Core/Src/drivers/Uart.o
                0x0000000008006eac                Uart::startTransmission()
 .text._ZN4Uart15processTxBufferEv
                0x0000000008006f2c       0x60 ./Core/Src/drivers/Uart.o
                0x0000000008006f2c                Uart::processTxBuffer()
 .text._ZN4Uart7processEv
                0x0000000008006f8c       0x56 ./Core/Src/drivers/Uart.o
                0x0000000008006f8c                Uart::process()
 .text._ZN10RingBufferILt4096EEC2Ev
                0x0000000008006fe2       0x34 ./Core/Src/drivers/Uart.o
                0x0000000008006fe2                RingBuffer<(unsigned short)4096>::RingBuffer()
                0x0000000008006fe2                RingBuffer<(unsigned short)4096>::RingBuffer()
 .text._ZN10RingBufferILt1024EEC2Ev
                0x0000000008007016       0x2e ./Core/Src/drivers/Uart.o
                0x0000000008007016                RingBuffer<(unsigned short)1024>::RingBuffer()
                0x0000000008007016                RingBuffer<(unsigned short)1024>::RingBuffer()
 .text._ZN10RingBufferILt4096EE5clearEv
                0x0000000008007044       0x32 ./Core/Src/drivers/Uart.o
                0x0000000008007044                RingBuffer<(unsigned short)4096>::clear()
 .text._ZN10RingBufferILt1024EE5clearEv
                0x0000000008007076       0x2c ./Core/Src/drivers/Uart.o
                0x0000000008007076                RingBuffer<(unsigned short)1024>::clear()
 .text._ZNK10RingBufferILt4096EE6isFullEv
                0x00000000080070a2       0x28 ./Core/Src/drivers/Uart.o
                0x00000000080070a2                RingBuffer<(unsigned short)4096>::isFull() const
 .text._ZN10RingBufferILt4096EE4pushEh
                0x00000000080070ca       0x6c ./Core/Src/drivers/Uart.o
                0x00000000080070ca                RingBuffer<(unsigned short)4096>::push(unsigned char)
 .text._ZN10RingBufferILt1024EE3popERh
                0x0000000008007136       0x62 ./Core/Src/drivers/Uart.o
                0x0000000008007136                RingBuffer<(unsigned short)1024>::pop(unsigned char&)
 .text._ZNK10RingBufferILt1024EE7isEmptyEv
                0x0000000008007198       0x24 ./Core/Src/drivers/Uart.o
                0x0000000008007198                RingBuffer<(unsigned short)1024>::isEmpty() const
 .text._ZN10RingBufferILt1024EE4pushEh
                0x00000000080071bc       0x62 ./Core/Src/drivers/Uart.o
                0x00000000080071bc                RingBuffer<(unsigned short)1024>::push(unsigned char)
 .text._ZNK10RingBufferILt4096EE7isEmptyEv
                0x000000000800721e       0x26 ./Core/Src/drivers/Uart.o
                0x000000000800721e                RingBuffer<(unsigned short)4096>::isEmpty() const
 .text._ZN10RingBufferILt4096EE3popERh
                0x0000000008007244       0x6c ./Core/Src/drivers/Uart.o
                0x0000000008007244                RingBuffer<(unsigned short)4096>::pop(unsigned char&)
 .text._ZNK10RingBufferILt1024EE6isFullEv
                0x00000000080072b0       0x26 ./Core/Src/drivers/Uart.o
                0x00000000080072b0                RingBuffer<(unsigned short)1024>::isFull() const
 .text._ZNK4Task11getPriorityEv
                0x00000000080072d6       0x18 ./Core/Src/scheduler/Scheduler.o
                0x00000000080072d6                Task::getPriority() const
 .text._ZNK4Task8getStateEv
                0x00000000080072ee       0x18 ./Core/Src/scheduler/Scheduler.o
                0x00000000080072ee                Task::getState() const
 *fill*         0x0000000008007306        0x2 
 .text._ZN9Scheduler11getInstanceEv
                0x0000000008007308       0x4c ./Core/Src/scheduler/Scheduler.o
                0x0000000008007308                Scheduler::getInstance()
 .text._ZN9Scheduler4initEv
                0x0000000008007354       0x38 ./Core/Src/scheduler/Scheduler.o
                0x0000000008007354                Scheduler::init()
 .text._ZN9Scheduler7addTaskEP4Task
                0x000000000800738c       0x48 ./Core/Src/scheduler/Scheduler.o
                0x000000000800738c                Scheduler::addTask(Task*)
 .text._ZN9Scheduler3runEv
                0x00000000080073d4       0xdc ./Core/Src/scheduler/Scheduler.o
                0x00000000080073d4                Scheduler::run()
 .text._ZNK9Scheduler14getCurrentTimeEv
                0x00000000080074b0       0x16 ./Core/Src/scheduler/Scheduler.o
                0x00000000080074b0                Scheduler::getCurrentTime() const
 .text._ZN9Scheduler19sortTasksByPriorityEv
                0x00000000080074c6       0xa4 ./Core/Src/scheduler/Scheduler.o
                0x00000000080074c6                Scheduler::sortTasksByPriority()
 *fill*         0x000000000800756a        0x2 
 .text._ZN9Scheduler17findNextReadyTaskEv
                0x000000000800756c       0x70 ./Core/Src/scheduler/Scheduler.o
                0x000000000800756c                Scheduler::findNextReadyTask()
 .text._ZN9Scheduler16updateTaskStatesEv
                0x00000000080075dc       0x52 ./Core/Src/scheduler/Scheduler.o
                0x00000000080075dc                Scheduler::updateTaskStates()
 *fill*         0x000000000800762e        0x2 
 .text._ZNK9Scheduler13printTaskInfoEv
                0x0000000008007630       0xa0 ./Core/Src/scheduler/Scheduler.o
                0x0000000008007630                Scheduler::printTaskInfo() const
 .text._ZN4TaskC2Eh
                0x00000000080076d0       0x38 ./Core/Src/scheduler/Task.o
                0x00000000080076d0                Task::Task(unsigned char)
                0x00000000080076d0                Task::Task(unsigned char)
 .text._ZNK4Task7isReadyEv
                0x0000000008007708       0x44 ./Core/Src/scheduler/Task.o
                0x0000000008007708                Task::isReady() const
 .text.Reset_Handler
                0x000000000800774c       0x50 ./Core/Startup/startup_stm32f427vitx.o
                0x000000000800774c                Reset_Handler
 .text.Default_Handler
                0x000000000800779c        0x2 ./Core/Startup/startup_stm32f427vitx.o
                0x000000000800779c                RTC_Alarm_IRQHandler
                0x000000000800779c                HASH_RNG_IRQHandler
                0x000000000800779c                EXTI2_IRQHandler
                0x000000000800779c                TIM8_CC_IRQHandler
                0x000000000800779c                UART8_IRQHandler
                0x000000000800779c                SPI4_IRQHandler
                0x000000000800779c                TIM1_CC_IRQHandler
                0x000000000800779c                DMA2_Stream5_IRQHandler
                0x000000000800779c                DMA1_Stream5_IRQHandler
                0x000000000800779c                PVD_IRQHandler
                0x000000000800779c                SDIO_IRQHandler
                0x000000000800779c                TAMP_STAMP_IRQHandler
                0x000000000800779c                CAN2_RX1_IRQHandler
                0x000000000800779c                EXTI3_IRQHandler
                0x000000000800779c                TIM8_TRG_COM_TIM14_IRQHandler
                0x000000000800779c                TIM8_UP_TIM13_IRQHandler
                0x000000000800779c                I2C3_ER_IRQHandler
                0x000000000800779c                EXTI0_IRQHandler
                0x000000000800779c                I2C2_EV_IRQHandler
                0x000000000800779c                DMA1_Stream2_IRQHandler
                0x000000000800779c                CAN1_RX0_IRQHandler
                0x000000000800779c                FPU_IRQHandler
                0x000000000800779c                OTG_HS_WKUP_IRQHandler
                0x000000000800779c                CAN2_SCE_IRQHandler
                0x000000000800779c                DMA2_Stream2_IRQHandler
                0x000000000800779c                SPI1_IRQHandler
                0x000000000800779c                TIM1_BRK_TIM9_IRQHandler
                0x000000000800779c                DCMI_IRQHandler
                0x000000000800779c                CAN2_RX0_IRQHandler
                0x000000000800779c                DMA2_Stream3_IRQHandler
                0x000000000800779c                USART3_IRQHandler
                0x000000000800779c                CAN1_RX1_IRQHandler
                0x000000000800779c                UART5_IRQHandler
                0x000000000800779c                DMA2_Stream0_IRQHandler
                0x000000000800779c                TIM4_IRQHandler
                0x000000000800779c                I2C1_EV_IRQHandler
                0x000000000800779c                DMA1_Stream6_IRQHandler
                0x000000000800779c                DMA1_Stream1_IRQHandler
                0x000000000800779c                UART4_IRQHandler
                0x000000000800779c                TIM3_IRQHandler
                0x000000000800779c                RCC_IRQHandler
                0x000000000800779c                TIM8_BRK_TIM12_IRQHandler
                0x000000000800779c                Default_Handler
                0x000000000800779c                EXTI15_10_IRQHandler
                0x000000000800779c                ADC_IRQHandler
                0x000000000800779c                DMA1_Stream7_IRQHandler
                0x000000000800779c                SPI5_IRQHandler
                0x000000000800779c                TIM7_IRQHandler